00:00 +0: loading /home/fahad/Pictures/wedding_app/test/widget_test.dart                                                                                                                               00:01 +0: loading /home/fahad/Pictures/wedding_app/test/widget_test.dart                                                                                                                               00:02 +0: loading /home/fahad/Pictures/wedding_app/test/widget_test.dart                                                                                                                               00:03 +0: loading /home/fahad/Pictures/wedding_app/test/widget_test.dart                                                                                                                               00:03 +0: App should load                                                                                                                                                                              00:04 +0: App should load                                                                                                                                                                              00:04 +0: App should load                                                                                                                                                                              
Pending timers:
Timer (duration: 0:00:00.000000, periodic: false), created:
#0      new FakeTimer._ (package:fake_async/fake_async.dart:342:62)
#1      FakeAsync._createTimer (package:fake_async/fake_async.dart:260:29)
#2      FakeAsync.run.<anonymous closure> (package:fake_async/fake_async.dart:185:15)
#6      _AnimateState._restart (package:flutter_animate/src/animate.dart:318:23)
#7      _AnimateState.initState (package:flutter_animate/src/animate.dart:290:5)
#8      StatefulElement._firstBuild (package:flutter/src/widgets/framework.dart:5953:55)
#9      ComponentElement.mount (package:flutter/src/widgets/framework.dart:5796:5)
...     Normal element mounting (7 frames)
#16     Element.inflateWidget (package:flutter/src/widgets/framework.dart:4590:20)
#17     MultiChildRenderObjectElement.inflateWidget (package:flutter/src/widgets/framework.dart:7269:36)
#18     MultiChildRenderObjectElement.mount (package:flutter/src/widgets/framework.dart:7285:32)
...     Normal element mounting (7 frames)
#25     Element.inflateWidget (package:flutter/src/widgets/framework.dart:4590:20)
#26     MultiChildRenderObjectElement.inflateWidget (package:flutter/src/widgets/framework.dart:7269:36)
#27     MultiChildRenderObjectElement.mount (package:flutter/src/widgets/framework.dart:7285:32)
...     Normal element mounting (25 frames)
#52     Element.inflateWidget (package:flutter/src/widgets/framework.dart:4590:20)
#53     MultiChildRenderObjectElement.inflateWidget (package:flutter/src/widgets/framework.dart:7269:36)
#54     MultiChildRenderObjectElement.mount (package:flutter/src/widgets/framework.dart:7285:32)
...     Normal element mounting (378 frames)
#432    Element.inflateWidget (package:flutter/src/widgets/framework.dart:4590:20)
#433    MultiChildRenderObjectElement.inflateWidget (package:flutter/src/widgets/framework.dart:7269:36)
#434    Element.updateChild (package:flutter/src/widgets/framework.dart:4059:18)
#435    Element.updateChildren (package:flutter/src/widgets/framework.dart:4258:32)
#436    MultiChildRenderObjectElement.update (package:flutter/src/widgets/framework.dart:7302:17)
#437    Element.updateChild (package:flutter/src/widgets/framework.dart:4037:15)
#438    ComponentElement.performRebuild (package:flutter/src/widgets/framework.dart:5844:16)
#439    StatefulElement.performRebuild (package:flutter/src/widgets/framework.dart:5985:11)
#440    Element.rebuild (package:flutter/src/widgets/framework.dart:5532:7)
#441    StatefulElement.update (package:flutter/src/widgets/framework.dart:6010:5)
#442    Element.updateChild (package:flutter/src/widgets/framework.dart:4037:15)
#443    ComponentElement.performRebuild (package:flutter/src/widgets/framework.dart:5844:16)
#444    Element.rebuild (package:flutter/src/widgets/framework.dart:5532:7)
#445    ProxyElement.update (package:flutter/src/widgets/framework.dart:6152:5)
#446    Element.updateChild (package:flutter/src/widgets/framework.dart:4037:15)
#447    ComponentElement.performRebuild (package:flutter/src/widgets/framework.dart:5844:16)
#448    Element.rebuild (package:flutter/src/widgets/framework.dart:5532:7)
#449    ProxyElement.update (package:flutter/src/widgets/framework.dart:6152:5)
#450    _InheritedNotifierElement.update (package:flutter/src/widgets/inherited_notifier.dart:108:11)
#451    Element.updateChild (package:flutter/src/widgets/framework.dart:4037:15)
#452    ComponentElement.performRebuild (package:flutter/src/widgets/framework.dart:5844:16)
#453    StatefulElement.performRebuild (package:flutter/src/widgets/framework.dart:5985:11)
#454    Element.rebuild (package:flutter/src/widgets/framework.dart:5532:7)
#455    StatefulElement.update (package:flutter/src/widgets/framework.dart:6010:5)
#456    Element.updateChild (package:flutter/src/widgets/framework.dart:4037:15)
#457    ComponentElement.performRebuild (package:flutter/src/widgets/framework.dart:5844:16)
#458    Element.rebuild (package:flutter/src/widgets/framework.dart:5532:7)
#459    ProxyElement.update (package:flutter/src/widgets/framework.dart:6152:5)
#460    _InheritedNotifierElement.update (package:flutter/src/widgets/inherited_notifier.dart:108:11)
#461    Element.updateChild (package:flutter/src/widgets/framework.dart:4037:15)
#462    ComponentElement.performRebuild (package:flutter/src/widgets/framework.dart:5844:16)
#463    StatefulElement.performRebuild (package:flutter/src/widgets/framework.dart:5985:11)
#464    Element.rebuild (package:flutter/src/widgets/framework.dart:5532:7)
#465    StatefulElement.update (package:flutter/src/widgets/framework.dart:6010:5)
#466    Element.updateChild (package:flutter/src/widgets/framework.dart:4037:15)
#467    ComponentElement.performRebuild (package:flutter/src/widgets/framework.dart:5844:16)
#468    StatefulElement.performRebuild (package:flutter/src/widgets/framework.dart:5985:11)
#469    Element.rebuild (package:flutter/src/widgets/framework.dart:5532:7)
#470    StatefulElement.update (package:flutter/src/widgets/framework.dart:6010:5)
#471    Element.updateChild (package:flutter/src/widgets/framework.dart:4037:15)
#472    SingleChildRenderObjectElement.update (package:flutter/src/widgets/framework.dart:7125:14)
#473    Element.updateChild (package:flutter/src/widgets/framework.dart:4037:15)
#474    SingleChildRenderObjectElement.update (package:flutter/src/widgets/framework.dart:7125:14)
#475    Element.updateChild (package:flutter/src/widgets/framework.dart:4037:15)
#476    ComponentElement.performRebuild (package:flutter/src/widgets/framework.dart:5844:16)
#477    Element.rebuild (package:flutter/src/widgets/framework.dart:5532:7)
#478    ProxyElement.update (package:flutter/src/widgets/framework.dart:6152:5)
#479    Element.updateChild (package:flutter/src/widgets/framework.dart:4037:15)
#480    ComponentElement.performRebuild (package:flutter/src/widgets/framework.dart:5844:16)
#481    Element.rebuild (package:flutter/src/widgets/framework.dart:5532:7)
#482    ProxyElement.update (package:flutter/src/widgets/framework.dart:6152:5)
#483    Element.updateChild (package:flutter/src/widgets/framework.dart:4037:15)
#484    ComponentElement.performRebuild (package:flutter/src/widgets/framework.dart:5844:16)
#485    StatefulElement.performRebuild (package:flutter/src/widgets/framework.dart:5985:11)
#486    Element.rebuild (package:flutter/src/widgets/framework.dart:5532:7)
#487    StatefulElement.update (package:flutter/src/widgets/framework.dart:6010:5)
#488    Element.updateChild (package:flutter/src/widgets/framework.dart:4037:15)
#489    ComponentElement.performRebuild (package:flutter/src/widgets/framework.dart:5844:16)
#490    Element.rebuild (package:flutter/src/widgets/framework.dart:5532:7)
#491    ProxyElement.update (package:flutter/src/widgets/framework.dart:6152:5)
#492    Element.updateChild (package:flutter/src/widgets/framework.dart:4037:15)
#493    ComponentElement.performRebuild (package:flutter/src/widgets/framework.dart:5844:16)
#494    Element.rebuild (package:flutter/src/widgets/framework.dart:5532:7)
#495    ProxyElement.update (package:flutter/src/widgets/framework.dart:6152:5)
#496    _InheritedNotifierElement.update (package:flutter/src/widgets/inherited_notifier.dart:108:11)
#497    Element.updateChild (package:flutter/src/widgets/framework.dart:4037:15)
#498    ComponentElement.performRebuild (package:flutter/src/widgets/framework.dart:5844:16)
#499    Element.rebuild (package:flutter/src/widgets/framework.dart:5532:7)
#500    StatelessElement.update (package:flutter/src/widgets/framework.dart:5898:5)
#501    Element.updateChild (package:flutter/src/widgets/framework.dart:4037:15)
#502    ComponentElement.performRebuild (package:flutter/src/widgets/framework.dart:5844:16)
#503    Element.rebuild (package:flutter/src/widgets/framework.dart:5532:7)
#504    ProxyElement.update (package:flutter/src/widgets/framework.dart:6152:5)
#505    Element.updateChild (package:flutter/src/widgets/framework.dart:4037:15)
#506    ComponentElement.performRebuild (package:flutter/src/widgets/framework.dart:5844:16)
#507    Element.rebuild (package:flutter/src/widgets/framework.dart:5532:7)
#508    StatelessElement.update (package:flutter/src/widgets/framework.dart:5898:5)
#509    Element.updateChild (package:flutter/src/widgets/framework.dart:4037:15)
#510    ComponentElement.performRebuild (package:flutter/src/widgets/framework.dart:5844:16)
#511    Element.rebuild (package:flutter/src/widgets/framework.dart:5532:7)
#512    ProxyElement.update (package:flutter/src/widgets/framework.dart:6152:5)
#513    Element.updateChild (package:flutter/src/widgets/framework.dart:4037:15)
#514    ComponentElement.performRebuild (package:flutter/src/widgets/framework.dart:5844:16)
#515    Element.rebuild (package:flutter/src/widgets/framework.dart:5532:7)
#516    ProxyElement.update (package:flutter/src/widgets/framework.dart:6152:5)
#517    Element.updateChild (package:flutter/src/widgets/framework.dart:4037:15)
#518    ComponentElement.performRebuild (package:flutter/src/widgets/framework.dart:5844:16)
#519    StatefulElement.performRebuild (package:flutter/src/widgets/framework.dart:5985:11)
#520    Element.rebuild (package:flutter/src/widgets/framework.dart:5532:7)
#521    BuildScope._tryRebuild (package:flutter/src/widgets/framework.dart:2750:15)
#522    BuildScope._flushDirtyElements (package:flutter/src/widgets/framework.dart:2807:11)
#523    BuildOwner.buildScope (package:flutter/src/widgets/framework.dart:3111:18)
#524    AutomatedTestWidgetsFlutterBinding.drawFrame (package:flutter_test/src/binding.dart:1506:19)
#525    RendererBinding._handlePersistentFrameCallback (package:flutter/src/rendering/binding.dart:495:5)
#526    SchedulerBinding._invokeFrameCallback (package:flutter/src/scheduler/binding.dart:1434:15)
#527    SchedulerBinding.handleDrawFrame (package:flutter/src/scheduler/binding.dart:1347:9)
#528    AutomatedTestWidgetsFlutterBinding.pump.<anonymous closure> (package:flutter_test/src/binding.dart:1335:9)
#531    TestAsyncUtils.guard (package:flutter_test/src/test_async_utils.dart:74:41)
#532    AutomatedTestWidgetsFlutterBinding.pump (package:flutter_test/src/binding.dart:1324:27)
#533    WidgetTester.pump.<anonymous closure> (package:flutter_test/src/widget_tester.dart:652:53)
#536    TestAsyncUtils.guard (package:flutter_test/src/test_async_utils.dart:74:41)
#537    WidgetTester.pump (package:flutter_test/src/widget_tester.dart:652:27)
#538    main.<anonymous closure> (file:///home/fahad/Pictures/wedding_app/test/widget_test.dart:61:18)
<asynchronous suspension>
#539    testWidgets.<anonymous closure>.<anonymous closure> (package:flutter_test/src/widget_tester.dart:192:15)
<asynchronous suspension>
#540    TestWidgetsFlutterBinding._runTestBody (package:flutter_test/src/binding.dart:1059:5)
<asynchronous suspension>
<asynchronous suspension>
(elided 8 frames from dart:async and package:stack_trace)

Timer (duration: 0:00:00.000000, periodic: false), created:
#0      new FakeTimer._ (package:fake_async/fake_async.dart:342:62)
#1      FakeAsync._createTimer (package:fake_async/fake_async.dart:260:29)
#2      FakeAsync.run.<anonymous closure> (package:fake_async/fake_async.dart:185:15)
#6      _AnimateState._restart (package:flutter_animate/src/animate.dart:318:23)
#7      _AnimateState.initState (package:flutter_animate/src/animate.dart:290:5)
#8      StatefulElement._firstBuild (package:flutter/src/widgets/framework.dart:5953:55)
#9      ComponentElement.mount (package:flutter/src/widgets/framework.dart:5796:5)
...     Normal element mounting (7 frames)
#16     Element.inflateWidget (package:flutter/src/widgets/framework.dart:4590:20)
#17     MultiChildRenderObjectElement.inflateWidget (package:flutter/src/widgets/framework.dart:7269:36)
#18     MultiChildRenderObjectElement.mount (package:flutter/src/widgets/framework.dart:7285:32)
...     Normal element mounting (7 frames)
#25     Element.inflateWidget (package:flutter/src/widgets/framework.dart:4590:20)
#26     MultiChildRenderObjectElement.inflateWidget (package:flutter/src/widgets/framework.dart:7269:36)
#27     MultiChildRenderObjectElement.mount (package:flutter/src/widgets/framework.dart:7285:32)
...     Normal element mounting (25 frames)
#52     Element.inflateWidget (package:flutter/src/widgets/framework.dart:4590:20)
#53     MultiChildRenderObjectElement.inflateWidget (package:flutter/src/widgets/framework.dart:7269:36)
#54     MultiChildRenderObjectElement.mount (package:flutter/src/widgets/framework.dart:7285:32)
...     Normal element mounting (378 frames)
#432    Element.inflateWidget (package:flutter/src/widgets/framework.dart:4590:20)
#433    MultiChildRenderObjectElement.inflateWidget (package:flutter/src/widgets/framework.dart:7269:36)
#434    Element.updateChild (package:flutter/src/widgets/framework.dart:4059:18)
#435    Element.updateChildren (package:flutter/src/widgets/framework.dart:4258:32)
#436    MultiChildRenderObjectElement.update (package:flutter/src/widgets/framework.dart:7302:17)
#437    Element.updateChild (package:flutter/src/widgets/framework.dart:4037:15)
#438    ComponentElement.performRebuild (package:flutter/src/widgets/framework.dart:5844:16)
#439    StatefulElement.performRebuild (package:flutter/src/widgets/framework.dart:5985:11)
#440    Element.rebuild (package:flutter/src/widgets/framework.dart:5532:7)
#441    StatefulElement.update (package:flutter/src/widgets/framework.dart:6010:5)
#442    Element.updateChild (package:flutter/src/widgets/framework.dart:4037:15)
#443    ComponentElement.performRebuild (package:flutter/src/widgets/framework.dart:5844:16)
#444    Element.rebuild (package:flutter/src/widgets/framework.dart:5532:7)
#445    ProxyElement.update (package:flutter/src/widgets/framework.dart:6152:5)
#446    Element.updateChild (package:flutter/src/widgets/framework.dart:4037:15)
#447    ComponentElement.performRebuild (package:flutter/src/widgets/framework.dart:5844:16)
#448    Element.rebuild (package:flutter/src/widgets/framework.dart:5532:7)
#449    ProxyElement.update (package:flutter/src/widgets/framework.dart:6152:5)
#450    _InheritedNotifierElement.update (package:flutter/src/widgets/inherited_notifier.dart:108:11)
#451    Element.updateChild (package:flutter/src/widgets/framework.dart:4037:15)
#452    ComponentElement.performRebuild (package:flutter/src/widgets/framework.dart:5844:16)
#453    StatefulElement.performRebuild (package:flutter/src/widgets/framework.dart:5985:11)
#454    Element.rebuild (package:flutter/src/widgets/framework.dart:5532:7)
#455    StatefulElement.update (package:flutter/src/widgets/framework.dart:6010:5)
#456    Element.updateChild (package:flutter/src/widgets/framework.dart:4037:15)
#457    ComponentElement.performRebuild (package:flutter/src/widgets/framework.dart:5844:16)
#458    Element.rebuild (package:flutter/src/widgets/framework.dart:5532:7)
#459    ProxyElement.update (package:flutter/src/widgets/framework.dart:6152:5)
#460    _InheritedNotifierElement.update (package:flutter/src/widgets/inherited_notifier.dart:108:11)
#461    Element.updateChild (package:flutter/src/widgets/framework.dart:4037:15)
#462    ComponentElement.performRebuild (package:flutter/src/widgets/framework.dart:5844:16)
#463    StatefulElement.performRebuild (package:flutter/src/widgets/framework.dart:5985:11)
#464    Element.rebuild (package:flutter/src/widgets/framework.dart:5532:7)
#465    StatefulElement.update (package:flutter/src/widgets/framework.dart:6010:5)
#466    Element.updateChild (package:flutter/src/widgets/framework.dart:4037:15)
#467    ComponentElement.performRebuild (package:flutter/src/widgets/framework.dart:5844:16)
#468    StatefulElement.performRebuild (package:flutter/src/widgets/framework.dart:5985:11)
#469    Element.rebuild (package:flutter/src/widgets/framework.dart:5532:7)
#470    StatefulElement.update (package:flutter/src/widgets/framework.dart:6010:5)
#471    Element.updateChild (package:flutter/src/widgets/framework.dart:4037:15)
#472    SingleChildRenderObjectElement.update (package:flutter/src/widgets/framework.dart:7125:14)
#473    Element.updateChild (package:flutter/src/widgets/framework.dart:4037:15)
#474    SingleChildRenderObjectElement.update (package:flutter/src/widgets/framework.dart:7125:14)
#475    Element.updateChild (package:flutter/src/widgets/framework.dart:4037:15)
#476    ComponentElement.performRebuild (package:flutter/src/widgets/framework.dart:5844:16)
#477    Element.rebuild (package:flutter/src/widgets/framework.dart:5532:7)
#478    ProxyElement.update (package:flutter/src/widgets/framework.dart:6152:5)
#479    Element.updateChild (package:flutter/src/widgets/framework.dart:4037:15)
#480    ComponentElement.performRebuild (package:flutter/src/widgets/framework.dart:5844:16)
#481    Element.rebuild (package:flutter/src/widgets/framework.dart:5532:7)
#482    ProxyElement.update (package:flutter/src/widgets/framework.dart:6152:5)
#483    Element.updateChild (package:flutter/src/widgets/framework.dart:4037:15)
#484    ComponentElement.performRebuild (package:flutter/src/widgets/framework.dart:5844:16)
#485    StatefulElement.performRebuild (package:flutter/src/widgets/framework.dart:5985:11)
#486    Element.rebuild (package:flutter/src/widgets/framework.dart:5532:7)
#487    StatefulElement.update (package:flutter/src/widgets/framework.dart:6010:5)
#488    Element.updateChild (package:flutter/src/widgets/framework.dart:4037:15)
#489    ComponentElement.performRebuild (package:flutter/src/widgets/framework.dart:5844:16)
#490    Element.rebuild (package:flutter/src/widgets/framework.dart:5532:7)
#491    ProxyElement.update (package:flutter/src/widgets/framework.dart:6152:5)
#492    Element.updateChild (package:flutter/src/widgets/framework.dart:4037:15)
#493    ComponentElement.performRebuild (package:flutter/src/widgets/framework.dart:5844:16)
#494    Element.rebuild (package:flutter/src/widgets/framework.dart:5532:7)
#495    ProxyElement.update (package:flutter/src/widgets/framework.dart:6152:5)
#496    _InheritedNotifierElement.update (package:flutter/src/widgets/inherited_notifier.dart:108:11)
#497    Element.updateChild (package:flutter/src/widgets/framework.dart:4037:15)
#498    ComponentElement.performRebuild (package:flutter/src/widgets/framework.dart:5844:16)
#499    Element.rebuild (package:flutter/src/widgets/framework.dart:5532:7)
#500    StatelessElement.update (package:flutter/src/widgets/framework.dart:5898:5)
#501    Element.updateChild (package:flutter/src/widgets/framework.dart:4037:15)
#502    ComponentElement.performRebuild (package:flutter/src/widgets/framework.dart:5844:16)
#503    Element.rebuild (package:flutter/src/widgets/framework.dart:5532:7)
#504    ProxyElement.update (package:flutter/src/widgets/framework.dart:6152:5)
#505    Element.updateChild (package:flutter/src/widgets/framework.dart:4037:15)
#506    ComponentElement.performRebuild (package:flutter/src/widgets/framework.dart:5844:16)
#507    Element.rebuild (package:flutter/src/widgets/framework.dart:5532:7)
#508    StatelessElement.update (package:flutter/src/widgets/framework.dart:5898:5)
#509    Element.updateChild (package:flutter/src/widgets/framework.dart:4037:15)
#510    ComponentElement.performRebuild (package:flutter/src/widgets/framework.dart:5844:16)
#511    Element.rebuild (package:flutter/src/widgets/framework.dart:5532:7)
#512    ProxyElement.update (package:flutter/src/widgets/framework.dart:6152:5)
#513    Element.updateChild (package:flutter/src/widgets/framework.dart:4037:15)
#514    ComponentElement.performRebuild (package:flutter/src/widgets/framework.dart:5844:16)
#515    Element.rebuild (package:flutter/src/widgets/framework.dart:5532:7)
#516    ProxyElement.update (package:flutter/src/widgets/framework.dart:6152:5)
#517    Element.updateChild (package:flutter/src/widgets/framework.dart:4037:15)
#518    ComponentElement.performRebuild (package:flutter/src/widgets/framework.dart:5844:16)
#519    StatefulElement.performRebuild (package:flutter/src/widgets/framework.dart:5985:11)
#520    Element.rebuild (package:flutter/src/widgets/framework.dart:5532:7)
#521    BuildScope._tryRebuild (package:flutter/src/widgets/framework.dart:2750:15)
#522    BuildScope._flushDirtyElements (package:flutter/src/widgets/framework.dart:2807:11)
#523    BuildOwner.buildScope (package:flutter/src/widgets/framework.dart:3111:18)
#524    AutomatedTestWidgetsFlutterBinding.drawFrame (package:flutter_test/src/binding.dart:1506:19)
#525    RendererBinding._handlePersistentFrameCallback (package:flutter/src/rendering/binding.dart:495:5)
#526    SchedulerBinding._invokeFrameCallback (package:flutter/src/scheduler/binding.dart:1434:15)
#527    SchedulerBinding.handleDrawFrame (package:flutter/src/scheduler/binding.dart:1347:9)
#528    AutomatedTestWidgetsFlutterBinding.pump.<anonymous closure> (package:flutter_test/src/binding.dart:1335:9)
#531    TestAsyncUtils.guard (package:flutter_test/src/test_async_utils.dart:74:41)
#532    AutomatedTestWidgetsFlutterBinding.pump (package:flutter_test/src/binding.dart:1324:27)
#533    WidgetTester.pump.<anonymous closure> (package:flutter_test/src/widget_tester.dart:652:53)
#536    TestAsyncUtils.guard (package:flutter_test/src/test_async_utils.dart:74:41)
#537    WidgetTester.pump (package:flutter_test/src/widget_tester.dart:652:27)
#538    main.<anonymous closure> (file:///home/fahad/Pictures/wedding_app/test/widget_test.dart:61:18)
<asynchronous suspension>
#539    testWidgets.<anonymous closure>.<anonymous closure> (package:flutter_test/src/widget_tester.dart:192:15)
<asynchronous suspension>
#540    TestWidgetsFlutterBinding._runTestBody (package:flutter_test/src/binding.dart:1059:5)
<asynchronous suspension>
<asynchronous suspension>
(elided 8 frames from dart:async and package:stack_trace)

Timer (duration: 0:00:00.000000, periodic: false), created:
#0      new FakeTimer._ (package:fake_async/fake_async.dart:342:62)
#1      FakeAsync._createTimer (package:fake_async/fake_async.dart:260:29)
#2      FakeAsync.run.<anonymous closure> (package:fake_async/fake_async.dart:185:15)
#6      _AnimateState._restart (package:flutter_animate/src/animate.dart:318:23)
#7      _AnimateState.initState (package:flutter_animate/src/animate.dart:290:5)
#8      StatefulElement._firstBuild (package:flutter/src/widgets/framework.dart:5953:55)
#9      ComponentElement.mount (package:flutter/src/widgets/framework.dart:5796:5)
#10     Element.inflateWidget (package:flutter/src/widgets/framework.dart:4590:20)
#11     MultiChildRenderObjectElement.inflateWidget (package:flutter/src/widgets/framework.dart:7269:36)
#12     MultiChildRenderObjectElement.mount (package:flutter/src/widgets/framework.dart:7285:32)
...     Normal element mounting (4 frames)
#16     Element.inflateWidget (package:flutter/src/widgets/framework.dart:4590:20)
#17     MultiChildRenderObjectElement.inflateWidget (package:flutter/src/widgets/framework.dart:7269:36)
#18     MultiChildRenderObjectElement.mount (package:flutter/src/widgets/framework.dart:7285:32)
...     Normal element mounting (16 frames)
#34     Element.inflateWidget (package:flutter/src/widgets/framework.dart:4590:20)
#35     MultiChildRenderObjectElement.inflateWidget (package:flutter/src/widgets/framework.dart:7269:36)
#36     MultiChildRenderObjectElement.mount (package:flutter/src/widgets/framework.dart:7285:32)
...     Normal element mounting (25 frames)
#61     Element.inflateWidget (package:flutter/src/widgets/framework.dart:4590:20)
#62     MultiChildRenderObjectElement.inflateWidget (package:flutter/src/widgets/framework.dart:7269:36)
#63     MultiChildRenderObjectElement.mount (package:flutter/src/widgets/framework.dart:7285:32)
...     Normal element mounting (378 frames)
#441    Element.inflateWidget (package:flutter/src/widgets/framework.dart:4590:20)
#442    MultiChildRenderObjectElement.inflateWidget (package:flutter/src/widgets/framework.dart:7269:36)
#443    Element.updateChild (package:flutter/src/widgets/framework.dart:4059:18)
#444    Element.updateChildren (package:flutter/src/widgets/framework.dart:4258:32)
#445    MultiChildRenderObjectElement.update (package:flutter/src/widgets/framework.dart:7302:17)
#446    Element.updateChild (package:flutter/src/widgets/framework.dart:4037:15)
#447    ComponentElement.performRebuild (package:flutter/src/widgets/framework.dart:5844:16)
#448    StatefulElement.performRebuild (package:flutter/src/widgets/framework.dart:5985:11)
#449    Element.rebuild (package:flutter/src/widgets/framework.dart:5532:7)
#450    StatefulElement.update (package:flutter/src/widgets/framework.dart:6010:5)
#451    Element.updateChild (package:flutter/src/widgets/framework.dart:4037:15)
#452    ComponentElement.performRebuild (package:flutter/src/widgets/framework.dart:5844:16)
#453    Element.rebuild (package:flutter/src/widgets/framework.dart:5532:7)
#454    ProxyElement.update (package:flutter/src/widgets/framework.dart:6152:5)
#455    Element.updateChild (package:flutter/src/widgets/framework.dart:4037:15)
#456    ComponentElement.performRebuild (package:flutter/src/widgets/framework.dart:5844:16)
#457    Element.rebuild (package:flutter/src/widgets/framework.dart:5532:7)
#458    ProxyElement.update (package:flutter/src/widgets/framework.dart:6152:5)
#459    _InheritedNotifierElement.update (package:flutter/src/widgets/inherited_notifier.dart:108:11)
#460    Element.updateChild (package:flutter/src/widgets/framework.dart:4037:15)
#461    ComponentElement.performRebuild (package:flutter/src/widgets/framework.dart:5844:16)
#462    StatefulElement.performRebuild (package:flutter/src/widgets/framework.dart:5985:11)
#463    Element.rebuild (package:flutter/src/widgets/framework.dart:5532:7)
#464    StatefulElement.update (package:flutter/src/widgets/framework.dart:6010:5)
#465    Element.updateChild (package:flutter/src/widgets/framework.dart:4037:15)
#466    ComponentElement.performRebuild (package:flutter/src/widgets/framework.dart:5844:16)
#467    Element.rebuild (package:flutter/src/widgets/framework.dart:5532:7)
#468    ProxyElement.update (package:flutter/src/widgets/framework.dart:6152:5)
#469    _InheritedNotifierElement.update (package:flutter/src/widgets/inherited_notifier.dart:108:11)
#470    Element.updateChild (package:flutter/src/widgets/framework.dart:4037:15)
#471    ComponentElement.performRebuild (package:flutter/src/widgets/framework.dart:5844:16)
#472    StatefulElement.performRebuild (package:flutter/src/widgets/framework.dart:5985:11)
#473    Element.rebuild (package:flutter/src/widgets/framework.dart:5532:7)
#474    StatefulElement.update (package:flutter/src/widgets/framework.dart:6010:5)
#475    Element.updateChild (package:flutter/src/widgets/framework.dart:4037:15)
#476    ComponentElement.performRebuild (package:flutter/src/widgets/framework.dart:5844:16)
#477    StatefulElement.performRebuild (package:flutter/src/widgets/framework.dart:5985:11)
#478    Element.rebuild (package:flutter/src/widgets/framework.dart:5532:7)
#479    StatefulElement.update (package:flutter/src/widgets/framework.dart:6010:5)
#480    Element.updateChild (package:flutter/src/widgets/framework.dart:4037:15)
#481    SingleChildRenderObjectElement.update (package:flutter/src/widgets/framework.dart:7125:14)
#482    Element.updateChild (package:flutter/src/widgets/framework.dart:4037:15)
#483    SingleChildRenderObjectElement.update (package:flutter/src/widgets/framework.dart:7125:14)
#484    Element.updateChild (package:flutter/src/widgets/framework.dart:4037:15)
#485    ComponentElement.performRebuild (package:flutter/src/widgets/framework.dart:5844:16)
#486    Element.rebuild (package:flutter/src/widgets/framework.dart:5532:7)
#487    ProxyElement.update (package:flutter/src/widgets/framework.dart:6152:5)
#488    Element.updateChild (package:flutter/src/widgets/framework.dart:4037:15)
#489    ComponentElement.performRebuild (package:flutter/src/widgets/framework.dart:5844:16)
#490    Element.rebuild (package:flutter/src/widgets/framework.dart:5532:7)
#491    ProxyElement.update (package:flutter/src/widgets/framework.dart:6152:5)
#492    Element.updateChild (package:flutter/src/widgets/framework.dart:4037:15)
#493    ComponentElement.performRebuild (package:flutter/src/widgets/framework.dart:5844:16)
#494    StatefulElement.performRebuild (package:flutter/src/widgets/framework.dart:5985:11)
#495    Element.rebuild (package:flutter/src/widgets/framework.dart:5532:7)
#496    StatefulElement.update (package:flutter/src/widgets/framework.dart:6010:5)
#497    Element.updateChild (package:flutter/src/widgets/framework.dart:4037:15)
#498    ComponentElement.performRebuild (package:flutter/src/widgets/framework.dart:5844:16)
#499    Element.rebuild (package:flutter/src/widgets/framework.dart:5532:7)
#500    ProxyElement.update (package:flutter/src/widgets/framework.dart:6152:5)
#501    Element.updateChild (package:flutter/src/widgets/framework.dart:4037:15)
#502    ComponentElement.performRebuild (package:flutter/src/widgets/framework.dart:5844:16)
#503    Element.rebuild (package:flutter/src/widgets/framework.dart:5532:7)
#504    ProxyElement.update (package:flutter/src/widgets/framework.dart:6152:5)
#505    _InheritedNotifierElement.update (package:flutter/src/widgets/inherited_notifier.dart:108:11)
#506    Element.updateChild (package:flutter/src/widgets/framework.dart:4037:15)
#507    ComponentElement.performRebuild (package:flutter/src/widgets/framework.dart:5844:16)
#508    Element.rebuild (package:flutter/src/widgets/framework.dart:5532:7)
#509    StatelessElement.update (package:flutter/src/widgets/framework.dart:5898:5)
#510    Element.updateChild (package:flutter/src/widgets/framework.dart:4037:15)
#511    ComponentElement.performRebuild (package:flutter/src/widgets/framework.dart:5844:16)
#512    Element.rebuild (package:flutter/src/widgets/framework.dart:5532:7)
#513    ProxyElement.update (package:flutter/src/widgets/framework.dart:6152:5)
#514    Element.updateChild (package:flutter/src/widgets/framework.dart:4037:15)
#515    ComponentElement.performRebuild (package:flutter/src/widgets/framework.dart:5844:16)
#516    Element.rebuild (package:flutter/src/widgets/framework.dart:5532:7)
#517    StatelessElement.update (package:flutter/src/widgets/framework.dart:5898:5)
#518    Element.updateChild (package:flutter/src/widgets/framework.dart:4037:15)
#519    ComponentElement.performRebuild (package:flutter/src/widgets/framework.dart:5844:16)
#520    Element.rebuild (package:flutter/src/widgets/framework.dart:5532:7)
#521    ProxyElement.update (package:flutter/src/widgets/framework.dart:6152:5)
#522    Element.updateChild (package:flutter/src/widgets/framework.dart:4037:15)
#523    ComponentElement.performRebuild (package:flutter/src/widgets/framework.dart:5844:16)
#524    Element.rebuild (package:flutter/src/widgets/framework.dart:5532:7)
#525    ProxyElement.update (package:flutter/src/widgets/framework.dart:6152:5)
#526    Element.updateChild (package:flutter/src/widgets/framework.dart:4037:15)
#527    ComponentElement.performRebuild (package:flutter/src/widgets/framework.dart:5844:16)
#528    StatefulElement.performRebuild (package:flutter/src/widgets/framework.dart:5985:11)
#529    Element.rebuild (package:flutter/src/widgets/framework.dart:5532:7)
#530    BuildScope._tryRebuild (package:flutter/src/widgets/framework.dart:2750:15)
#531    BuildScope._flushDirtyElements (package:flutter/src/widgets/framework.dart:2807:11)
#532    BuildOwner.buildScope (package:flutter/src/widgets/framework.dart:3111:18)
#533    AutomatedTestWidgetsFlutterBinding.drawFrame (package:flutter_test/src/binding.dart:1506:19)
#534    RendererBinding._handlePersistentFrameCallback (package:flutter/src/rendering/binding.dart:495:5)
#535    SchedulerBinding._invokeFrameCallback (package:flutter/src/scheduler/binding.dart:1434:15)
#536    SchedulerBinding.handleDrawFrame (package:flutter/src/scheduler/binding.dart:1347:9)
#537    AutomatedTestWidgetsFlutterBinding.pump.<anonymous closure> (package:flutter_test/src/binding.dart:1335:9)
#540    TestAsyncUtils.guard (package:flutter_test/src/test_async_utils.dart:74:41)
#541    AutomatedTestWidgetsFlutterBinding.pump (package:flutter_test/src/binding.dart:1324:27)
#542    WidgetTester.pump.<anonymous closure> (package:flutter_test/src/widget_tester.dart:652:53)
#545    TestAsyncUtils.guard (package:flutter_test/src/test_async_utils.dart:74:41)
#546    WidgetTester.pump (package:flutter_test/src/widget_tester.dart:652:27)
#547    main.<anonymous closure> (file:///home/fahad/Pictures/wedding_app/test/widget_test.dart:61:18)
<asynchronous suspension>
#548    testWidgets.<anonymous closure>.<anonymous closure> (package:flutter_test/src/widget_tester.dart:192:15)
<asynchronous suspension>
#549    TestWidgetsFlutterBinding._runTestBody (package:flutter_test/src/binding.dart:1059:5)
<asynchronous suspension>
<asynchronous suspension>
(elided 8 frames from dart:async and package:stack_trace)

Timer (duration: 0:00:00.000000, periodic: false), created:
#0      new FakeTimer._ (package:fake_async/fake_async.dart:342:62)
#1      FakeAsync._createTimer (package:fake_async/fake_async.dart:260:29)
#2      FakeAsync.run.<anonymous closure> (package:fake_async/fake_async.dart:185:15)
#6      _AnimateState._restart (package:flutter_animate/src/animate.dart:318:23)
#7      _AnimateState.initState (package:flutter_animate/src/animate.dart:290:5)
#8      StatefulElement._firstBuild (package:flutter/src/widgets/framework.dart:5953:55)
#9      ComponentElement.mount (package:flutter/src/widgets/framework.dart:5796:5)
#10     Element.inflateWidget (package:flutter/src/widgets/framework.dart:4590:20)
#11     MultiChildRenderObjectElement.inflateWidget (package:flutter/src/widgets/framework.dart:7269:36)
#12     MultiChildRenderObjectElement.mount (package:flutter/src/widgets/framework.dart:7285:32)
...     Normal element mounting (4 frames)
#16     Element.inflateWidget (package:flutter/src/widgets/framework.dart:4590:20)
#17     MultiChildRenderObjectElement.inflateWidget (package:flutter/src/widgets/framework.dart:7269:36)
#18     MultiChildRenderObjectElement.mount (package:flutter/src/widgets/framework.dart:7285:32)
...     Normal element mounting (16 frames)
#34     Element.inflateWidget (package:flutter/src/widgets/framework.dart:4590:20)
#35     MultiChildRenderObjectElement.inflateWidget (package:flutter/src/widgets/framework.dart:7269:36)
#36     MultiChildRenderObjectElement.mount (package:flutter/src/widgets/framework.dart:7285:32)
...     Normal element mounting (25 frames)
#61     Element.inflateWidget (package:flutter/src/widgets/framework.dart:4590:20)
#62     MultiChildRenderObjectElement.inflateWidget (package:flutter/src/widgets/framework.dart:7269:36)
#63     MultiChildRenderObjectElement.mount (package:flutter/src/widgets/framework.dart:7285:32)
...     Normal element mounting (378 frames)
#441    Element.inflateWidget (package:flutter/src/widgets/framework.dart:4590:20)
#442    MultiChildRenderObjectElement.inflateWidget (package:flutter/src/widgets/framework.dart:7269:36)
#443    Element.updateChild (package:flutter/src/widgets/framework.dart:4059:18)
#444    Element.updateChildren (package:flutter/src/widgets/framework.dart:4258:32)
#445    MultiChildRenderObjectElement.update (package:flutter/src/widgets/framework.dart:7302:17)
#446    Element.updateChild (package:flutter/src/widgets/framework.dart:4037:15)
#447    ComponentElement.performRebuild (package:flutter/src/widgets/framework.dart:5844:16)
#448    StatefulElement.performRebuild (package:flutter/src/widgets/framework.dart:5985:11)
#449    Element.rebuild (package:flutter/src/widgets/framework.dart:5532:7)
#450    StatefulElement.update (package:flutter/src/widgets/framework.dart:6010:5)
#451    Element.updateChild (package:flutter/src/widgets/framework.dart:4037:15)
#452    ComponentElement.performRebuild (package:flutter/src/widgets/framework.dart:5844:16)
#453    Element.rebuild (package:flutter/src/widgets/framework.dart:5532:7)
#454    ProxyElement.update (package:flutter/src/widgets/framework.dart:6152:5)
#455    Element.updateChild (package:flutter/src/widgets/framework.dart:4037:15)
#456    ComponentElement.performRebuild (package:flutter/src/widgets/framework.dart:5844:16)
#457    Element.rebuild (package:flutter/src/widgets/framework.dart:5532:7)
#458    ProxyElement.update (package:flutter/src/widgets/framework.dart:6152:5)
#459    _InheritedNotifierElement.update (package:flutter/src/widgets/inherited_notifier.dart:108:11)
#460    Element.updateChild (package:flutter/src/widgets/framework.dart:4037:15)
#461    ComponentElement.performRebuild (package:flutter/src/widgets/framework.dart:5844:16)
#462    StatefulElement.performRebuild (package:flutter/src/widgets/framework.dart:5985:11)
#463    Element.rebuild (package:flutter/src/widgets/framework.dart:5532:7)
#464    StatefulElement.update (package:flutter/src/widgets/framework.dart:6010:5)
#465    Element.updateChild (package:flutter/src/widgets/framework.dart:4037:15)
#466    ComponentElement.performRebuild (package:flutter/src/widgets/framework.dart:5844:16)
#467    Element.rebuild (package:flutter/src/widgets/framework.dart:5532:7)
#468    ProxyElement.update (package:flutter/src/widgets/framework.dart:6152:5)
#469    _InheritedNotifierElement.update (package:flutter/src/widgets/inherited_notifier.dart:108:11)
#470    Element.updateChild (package:flutter/src/widgets/framework.dart:4037:15)
#471    ComponentElement.performRebuild (package:flutter/src/widgets/framework.dart:5844:16)
#472    StatefulElement.performRebuild (package:flutter/src/widgets/framework.dart:5985:11)
#473    Element.rebuild (package:flutter/src/widgets/framework.dart:5532:7)
#474    StatefulElement.update (package:flutter/src/widgets/framework.dart:6010:5)
#475    Element.updateChild (package:flutter/src/widgets/framework.dart:4037:15)
#476    ComponentElement.performRebuild (package:flutter/src/widgets/framework.dart:5844:16)
#477    StatefulElement.performRebuild (package:flutter/src/widgets/framework.dart:5985:11)
#478    Element.rebuild (package:flutter/src/widgets/framework.dart:5532:7)
#479    StatefulElement.update (package:flutter/src/widgets/framework.dart:6010:5)
#480    Element.updateChild (package:flutter/src/widgets/framework.dart:4037:15)
#481    SingleChildRenderObjectElement.update (package:flutter/src/widgets/framework.dart:7125:14)
#482    Element.updateChild (package:flutter/src/widgets/framework.dart:4037:15)
#483    SingleChildRenderObjectElement.update (package:flutter/src/widgets/framework.dart:7125:14)
#484    Element.updateChild (package:flutter/src/widgets/framework.dart:4037:15)
#485    ComponentElement.performRebuild (package:flutter/src/widgets/framework.dart:5844:16)
#486    Element.rebuild (package:flutter/src/widgets/framework.dart:5532:7)
#487    ProxyElement.update (package:flutter/src/widgets/framework.dart:6152:5)
#488    Element.updateChild (package:flutter/src/widgets/framework.dart:4037:15)
#489    ComponentElement.performRebuild (package:flutter/src/widgets/framework.dart:5844:16)
#490    Element.rebuild (package:flutter/src/widgets/framework.dart:5532:7)
#491    ProxyElement.update (package:flutter/src/widgets/framework.dart:6152:5)
#492    Element.updateChild (package:flutter/src/widgets/framework.dart:4037:15)
#493    ComponentElement.performRebuild (package:flutter/src/widgets/framework.dart:5844:16)
#494    StatefulElement.performRebuild (package:flutter/src/widgets/framework.dart:5985:11)
#495    Element.rebuild (package:flutter/src/widgets/framework.dart:5532:7)
#496    StatefulElement.update (package:flutter/src/widgets/framework.dart:6010:5)
#497    Element.updateChild (package:flutter/src/widgets/framework.dart:4037:15)
#498    ComponentElement.performRebuild (package:flutter/src/widgets/framework.dart:5844:16)
#499    Element.rebuild (package:flutter/src/widgets/framework.dart:5532:7)
#500    ProxyElement.update (package:flutter/src/widgets/framework.dart:6152:5)
#501    Element.updateChild (package:flutter/src/widgets/framework.dart:4037:15)
#502    ComponentElement.performRebuild (package:flutter/src/widgets/framework.dart:5844:16)
#503    Element.rebuild (package:flutter/src/widgets/framework.dart:5532:7)
#504    ProxyElement.update (package:flutter/src/widgets/framework.dart:6152:5)
#505    _InheritedNotifierElement.update (package:flutter/src/widgets/inherited_notifier.dart:108:11)
#506    Element.updateChild (package:flutter/src/widgets/framework.dart:4037:15)
#507    ComponentElement.performRebuild (package:flutter/src/widgets/framework.dart:5844:16)
#508    Element.rebuild (package:flutter/src/widgets/framework.dart:5532:7)
#509    StatelessElement.update (package:flutter/src/widgets/framework.dart:5898:5)
#510    Element.updateChild (package:flutter/src/widgets/framework.dart:4037:15)
#511    ComponentElement.performRebuild (package:flutter/src/widgets/framework.dart:5844:16)
#512    Element.rebuild (package:flutter/src/widgets/framework.dart:5532:7)
#513    ProxyElement.update (package:flutter/src/widgets/framework.dart:6152:5)
#514    Element.updateChild (package:flutter/src/widgets/framework.dart:4037:15)
#515    ComponentElement.performRebuild (package:flutter/src/widgets/framework.dart:5844:16)
#516    Element.rebuild (package:flutter/src/widgets/framework.dart:5532:7)
#517    StatelessElement.update (package:flutter/src/widgets/framework.dart:5898:5)
#518    Element.updateChild (package:flutter/src/widgets/framework.dart:4037:15)
#519    ComponentElement.performRebuild (package:flutter/src/widgets/framework.dart:5844:16)
#520    Element.rebuild (package:flutter/src/widgets/framework.dart:5532:7)
#521    ProxyElement.update (package:flutter/src/widgets/framework.dart:6152:5)
#522    Element.updateChild (package:flutter/src/widgets/framework.dart:4037:15)
#523    ComponentElement.performRebuild (package:flutter/src/widgets/framework.dart:5844:16)
#524    Element.rebuild (package:flutter/src/widgets/framework.dart:5532:7)
#525    ProxyElement.update (package:flutter/src/widgets/framework.dart:6152:5)
#526    Element.updateChild (package:flutter/src/widgets/framework.dart:4037:15)
#527    ComponentElement.performRebuild (package:flutter/src/widgets/framework.dart:5844:16)
#528    StatefulElement.performRebuild (package:flutter/src/widgets/framework.dart:5985:11)
#529    Element.rebuild (package:flutter/src/widgets/framework.dart:5532:7)
#530    BuildScope._tryRebuild (package:flutter/src/widgets/framework.dart:2750:15)
#531    BuildScope._flushDirtyElements (package:flutter/src/widgets/framework.dart:2807:11)
#532    BuildOwner.buildScope (package:flutter/src/widgets/framework.dart:3111:18)
#533    AutomatedTestWidgetsFlutterBinding.drawFrame (package:flutter_test/src/binding.dart:1506:19)
#534    RendererBinding._handlePersistentFrameCallback (package:flutter/src/rendering/binding.dart:495:5)
#535    SchedulerBinding._invokeFrameCallback (package:flutter/src/scheduler/binding.dart:1434:15)
#536    SchedulerBinding.handleDrawFrame (package:flutter/src/scheduler/binding.dart:1347:9)
#537    AutomatedTestWidgetsFlutterBinding.pump.<anonymous closure> (package:flutter_test/src/binding.dart:1335:9)
#540    TestAsyncUtils.guard (package:flutter_test/src/test_async_utils.dart:74:41)
#541    AutomatedTestWidgetsFlutterBinding.pump (package:flutter_test/src/binding.dart:1324:27)
#542    WidgetTester.pump.<anonymous closure> (package:flutter_test/src/widget_tester.dart:652:53)
#545    TestAsyncUtils.guard (package:flutter_test/src/test_async_utils.dart:74:41)
#546    WidgetTester.pump (package:flutter_test/src/widget_tester.dart:652:27)
#547    main.<anonymous closure> (file:///home/fahad/Pictures/wedding_app/test/widget_test.dart:61:18)
<asynchronous suspension>
#548    testWidgets.<anonymous closure>.<anonymous closure> (package:flutter_test/src/widget_tester.dart:192:15)
<asynchronous suspension>
#549    TestWidgetsFlutterBinding._runTestBody (package:flutter_test/src/binding.dart:1059:5)
<asynchronous suspension>
<asynchronous suspension>
(elided 8 frames from dart:async and package:stack_trace)

Timer (duration: 0:00:00.000000, periodic: false), created:
#0      new FakeTimer._ (package:fake_async/fake_async.dart:342:62)
#1      FakeAsync._createTimer (package:fake_async/fake_async.dart:260:29)
#2      FakeAsync.run.<anonymous closure> (package:fake_async/fake_async.dart:185:15)
#6      _AnimateState._restart (package:flutter_animate/src/animate.dart:318:23)
#7      _AnimateState.initState (package:flutter_animate/src/animate.dart:290:5)
#8      StatefulElement._firstBuild (package:flutter/src/widgets/framework.dart:5953:55)
#9      ComponentElement.mount (package:flutter/src/widgets/framework.dart:5796:5)
#10     Element.inflateWidget (package:flutter/src/widgets/framework.dart:4590:20)
#11     MultiChildRenderObjectElement.inflateWidget (package:flutter/src/widgets/framework.dart:7269:36)
#12     MultiChildRenderObjectElement.mount (package:flutter/src/widgets/framework.dart:7285:32)
...     Normal element mounting (4 frames)
#16     Element.inflateWidget (package:flutter/src/widgets/framework.dart:4590:20)
#17     MultiChildRenderObjectElement.inflateWidget (package:flutter/src/widgets/framework.dart:7269:36)
#18     MultiChildRenderObjectElement.mount (package:flutter/src/widgets/framework.dart:7285:32)
...     Normal element mounting (16 frames)
#34     Element.inflateWidget (package:flutter/src/widgets/framework.dart:4590:20)
#35     MultiChildRenderObjectElement.inflateWidget (package:flutter/src/widgets/framework.dart:7269:36)
#36     MultiChildRenderObjectElement.mount (package:flutter/src/widgets/framework.dart:7285:32)
...     Normal element mounting (25 frames)
#61     Element.inflateWidget (package:flutter/src/widgets/framework.dart:4590:20)
#62     MultiChildRenderObjectElement.inflateWidget (package:flutter/src/widgets/framework.dart:7269:36)
#63     MultiChildRenderObjectElement.mount (package:flutter/src/widgets/framework.dart:7285:32)
...     Normal element mounting (378 frames)
#441    Element.inflateWidget (package:flutter/src/widgets/framework.dart:4590:20)
#442    MultiChildRenderObjectElement.inflateWidget (package:flutter/src/widgets/framework.dart:7269:36)
#443    Element.updateChild (package:flutter/src/widgets/framework.dart:4059:18)
#444    Element.updateChildren (package:flutter/src/widgets/framework.dart:4258:32)
#445    MultiChildRenderObjectElement.update (package:flutter/src/widgets/framework.dart:7302:17)
#446    Element.updateChild (package:flutter/src/widgets/framework.dart:4037:15)
#447    ComponentElement.performRebuild (package:flutter/src/widgets/framework.dart:5844:16)
#448    StatefulElement.performRebuild (package:flutter/src/widgets/framework.dart:5985:11)
#449    Element.rebuild (package:flutter/src/widgets/framework.dart:5532:7)
#450    StatefulElement.update (package:flutter/src/widgets/framework.dart:6010:5)
#451    Element.updateChild (package:flutter/src/widgets/framework.dart:4037:15)
#452    ComponentElement.performRebuild (package:flutter/src/widgets/framework.dart:5844:16)
#453    Element.rebuild (package:flutter/src/widgets/framework.dart:5532:7)
#454    ProxyElement.update (package:flutter/src/widgets/framework.dart:6152:5)
#455    Element.updateChild (package:flutter/src/widgets/framework.dart:4037:15)
#456    ComponentElement.performRebuild (package:flutter/src/widgets/framework.dart:5844:16)
#457    Element.rebuild (package:flutter/src/widgets/framework.dart:5532:7)
#458    ProxyElement.update (package:flutter/src/widgets/framework.dart:6152:5)
#459    _InheritedNotifierElement.update (package:flutter/src/widgets/inherited_notifier.dart:108:11)
#460    Element.updateChild (package:flutter/src/widgets/framework.dart:4037:15)
#461    ComponentElement.performRebuild (package:flutter/src/widgets/framework.dart:5844:16)
#462    StatefulElement.performRebuild (package:flutter/src/widgets/framework.dart:5985:11)
#463    Element.rebuild (package:flutter/src/widgets/framework.dart:5532:7)
#464    StatefulElement.update (package:flutter/src/widgets/framework.dart:6010:5)
#465    Element.updateChild (package:flutter/src/widgets/framework.dart:4037:15)
#466    ComponentElement.performRebuild (package:flutter/src/widgets/framework.dart:5844:16)
#467    Element.rebuild (package:flutter/src/widgets/framework.dart:5532:7)
#468    ProxyElement.update (package:flutter/src/widgets/framework.dart:6152:5)
#469    _InheritedNotifierElement.update (package:flutter/src/widgets/inherited_notifier.dart:108:11)
#470    Element.updateChild (package:flutter/src/widgets/framework.dart:4037:15)
#471    ComponentElement.performRebuild (package:flutter/src/widgets/framework.dart:5844:16)
#472    StatefulElement.performRebuild (package:flutter/src/widgets/framework.dart:5985:11)
#473    Element.rebuild (package:flutter/src/widgets/framework.dart:5532:7)
#474    StatefulElement.update (package:flutter/src/widgets/framework.dart:6010:5)
#475    Element.updateChild (package:flutter/src/widgets/framework.dart:4037:15)
#476    ComponentElement.performRebuild (package:flutter/src/widgets/framework.dart:5844:16)
#477    StatefulElement.performRebuild (package:flutter/src/widgets/framework.dart:5985:11)
#478    Element.rebuild (package:flutter/src/widgets/framework.dart:5532:7)
#479    StatefulElement.update (package:flutter/src/widgets/framework.dart:6010:5)
#480    Element.updateChild (package:flutter/src/widgets/framework.dart:4037:15)
#481    SingleChildRenderObjectElement.update (package:flutter/src/widgets/framework.dart:7125:14)
#482    Element.updateChild (package:flutter/src/widgets/framework.dart:4037:15)
#483    SingleChildRenderObjectElement.update (package:flutter/src/widgets/framework.dart:7125:14)
#484    Element.updateChild (package:flutter/src/widgets/framework.dart:4037:15)
#485    ComponentElement.performRebuild (package:flutter/src/widgets/framework.dart:5844:16)
#486    Element.rebuild (package:flutter/src/widgets/framework.dart:5532:7)
#487    ProxyElement.update (package:flutter/src/widgets/framework.dart:6152:5)
#488    Element.updateChild (package:flutter/src/widgets/framework.dart:4037:15)
#489    ComponentElement.performRebuild (package:flutter/src/widgets/framework.dart:5844:16)
#490    Element.rebuild (package:flutter/src/widgets/framework.dart:5532:7)
#491    ProxyElement.update (package:flutter/src/widgets/framework.dart:6152:5)
#492    Element.updateChild (package:flutter/src/widgets/framework.dart:4037:15)
#493    ComponentElement.performRebuild (package:flutter/src/widgets/framework.dart:5844:16)
#494    StatefulElement.performRebuild (package:flutter/src/widgets/framework.dart:5985:11)
#495    Element.rebuild (package:flutter/src/widgets/framework.dart:5532:7)
#496    StatefulElement.update (package:flutter/src/widgets/framework.dart:6010:5)
#497    Element.updateChild (package:flutter/src/widgets/framework.dart:4037:15)
#498    ComponentElement.performRebuild (package:flutter/src/widgets/framework.dart:5844:16)
#499    Element.rebuild (package:flutter/src/widgets/framework.dart:5532:7)
#500    ProxyElement.update (package:flutter/src/widgets/framework.dart:6152:5)
#501    Element.updateChild (package:flutter/src/widgets/framework.dart:4037:15)
#502    ComponentElement.performRebuild (package:flutter/src/widgets/framework.dart:5844:16)
#503    Element.rebuild (package:flutter/src/widgets/framework.dart:5532:7)
#504    ProxyElement.update (package:flutter/src/widgets/framework.dart:6152:5)
#505    _InheritedNotifierElement.update (package:flutter/src/widgets/inherited_notifier.dart:108:11)
#506    Element.updateChild (package:flutter/src/widgets/framework.dart:4037:15)
#507    ComponentElement.performRebuild (package:flutter/src/widgets/framework.dart:5844:16)
#508    Element.rebuild (package:flutter/src/widgets/framework.dart:5532:7)
#509    StatelessElement.update (package:flutter/src/widgets/framework.dart:5898:5)
#510    Element.updateChild (package:flutter/src/widgets/framework.dart:4037:15)
#511    ComponentElement.performRebuild (package:flutter/src/widgets/framework.dart:5844:16)
#512    Element.rebuild (package:flutter/src/widgets/framework.dart:5532:7)
#513    ProxyElement.update (package:flutter/src/widgets/framework.dart:6152:5)
#514    Element.updateChild (package:flutter/src/widgets/framework.dart:4037:15)
#515    ComponentElement.performRebuild (package:flutter/src/widgets/framework.dart:5844:16)
#516    Element.rebuild (package:flutter/src/widgets/framework.dart:5532:7)
#517    StatelessElement.update (package:flutter/src/widgets/framework.dart:5898:5)
#518    Element.updateChild (package:flutter/src/widgets/framework.dart:4037:15)
#519    ComponentElement.performRebuild (package:flutter/src/widgets/framework.dart:5844:16)
#520    Element.rebuild (package:flutter/src/widgets/framework.dart:5532:7)
#521    ProxyElement.update (package:flutter/src/widgets/framework.dart:6152:5)
#522    Element.updateChild (package:flutter/src/widgets/framework.dart:4037:15)
#523    ComponentElement.performRebuild (package:flutter/src/widgets/framework.dart:5844:16)
#524    Element.rebuild (package:flutter/src/widgets/framework.dart:5532:7)
#525    ProxyElement.update (package:flutter/src/widgets/framework.dart:6152:5)
#526    Element.updateChild (package:flutter/src/widgets/framework.dart:4037:15)
#527    ComponentElement.performRebuild (package:flutter/src/widgets/framework.dart:5844:16)
#528    StatefulElement.performRebuild (package:flutter/src/widgets/framework.dart:5985:11)
#529    Element.rebuild (package:flutter/src/widgets/framework.dart:5532:7)
#530    BuildScope._tryRebuild (package:flutter/src/widgets/framework.dart:2750:15)
#531    BuildScope._flushDirtyElements (package:flutter/src/widgets/framework.dart:2807:11)
#532    BuildOwner.buildScope (package:flutter/src/widgets/framework.dart:3111:18)
#533    AutomatedTestWidgetsFlutterBinding.drawFrame (package:flutter_test/src/binding.dart:1506:19)
#534    RendererBinding._handlePersistentFrameCallback (package:flutter/src/rendering/binding.dart:495:5)
#535    SchedulerBinding._invokeFrameCallback (package:flutter/src/scheduler/binding.dart:1434:15)
#536    SchedulerBinding.handleDrawFrame (package:flutter/src/scheduler/binding.dart:1347:9)
#537    AutomatedTestWidgetsFlutterBinding.pump.<anonymous closure> (package:flutter_test/src/binding.dart:1335:9)
#540    TestAsyncUtils.guard (package:flutter_test/src/test_async_utils.dart:74:41)
#541    AutomatedTestWidgetsFlutterBinding.pump (package:flutter_test/src/binding.dart:1324:27)
#542    WidgetTester.pump.<anonymous closure> (package:flutter_test/src/widget_tester.dart:652:53)
#545    TestAsyncUtils.guard (package:flutter_test/src/test_async_utils.dart:74:41)
#546    WidgetTester.pump (package:flutter_test/src/widget_tester.dart:652:27)
#547    main.<anonymous closure> (file:///home/fahad/Pictures/wedding_app/test/widget_test.dart:61:18)
<asynchronous suspension>
#548    testWidgets.<anonymous closure>.<anonymous closure> (package:flutter_test/src/widget_tester.dart:192:15)
<asynchronous suspension>
#549    TestWidgetsFlutterBinding._runTestBody (package:flutter_test/src/binding.dart:1059:5)
<asynchronous suspension>
<asynchronous suspension>
(elided 8 frames from dart:async and package:stack_trace)

Timer (duration: 0:00:00.000000, periodic: false), created:
#0      new FakeTimer._ (package:fake_async/fake_async.dart:342:62)
#1      FakeAsync._createTimer (package:fake_async/fake_async.dart:260:29)
#2      FakeAsync.run.<anonymous closure> (package:fake_async/fake_async.dart:185:15)
#6      _AnimateState._restart (package:flutter_animate/src/animate.dart:318:23)
#7      _AnimateState.initState (package:flutter_animate/src/animate.dart:290:5)
#8      StatefulElement._firstBuild (package:flutter/src/widgets/framework.dart:5953:55)
#9      ComponentElement.mount (package:flutter/src/widgets/framework.dart:5796:5)
#10     Element.inflateWidget (package:flutter/src/widgets/framework.dart:4590:20)
#11     MultiChildRenderObjectElement.inflateWidget (package:flutter/src/widgets/framework.dart:7269:36)
#12     MultiChildRenderObjectElement.mount (package:flutter/src/widgets/framework.dart:7285:32)
...     Normal element mounting (16 frames)
#28     Element.inflateWidget (package:flutter/src/widgets/framework.dart:4590:20)
#29     MultiChildRenderObjectElement.inflateWidget (package:flutter/src/widgets/framework.dart:7269:36)
#30     MultiChildRenderObjectElement.mount (package:flutter/src/widgets/framework.dart:7285:32)
...     Normal element mounting (25 frames)
#55     Element.inflateWidget (package:flutter/src/widgets/framework.dart:4590:20)
#56     MultiChildRenderObjectElement.inflateWidget (package:flutter/src/widgets/framework.dart:7269:36)
#57     MultiChildRenderObjectElement.mount (package:flutter/src/widgets/framework.dart:7285:32)
...     Normal element mounting (378 frames)
#435    Element.inflateWidget (package:flutter/src/widgets/framework.dart:4590:20)
#436    MultiChildRenderObjectElement.inflateWidget (package:flutter/src/widgets/framework.dart:7269:36)
#437    Element.updateChild (package:flutter/src/widgets/framework.dart:4059:18)
#438    Element.updateChildren (package:flutter/src/widgets/framework.dart:4258:32)
#439    MultiChildRenderObjectElement.update (package:flutter/src/widgets/framework.dart:7302:17)
#440    Element.updateChild (package:flutter/src/widgets/framework.dart:4037:15)
#441    ComponentElement.performRebuild (package:flutter/src/widgets/framework.dart:5844:16)
#442    StatefulElement.performRebuild (package:flutter/src/widgets/framework.dart:5985:11)
#443    Element.rebuild (package:flutter/src/widgets/framework.dart:5532:7)
#444    StatefulElement.update (package:flutter/src/widgets/framework.dart:6010:5)
#445    Element.updateChild (package:flutter/src/widgets/framework.dart:4037:15)
#446    ComponentElement.performRebuild (package:flutter/src/widgets/framework.dart:5844:16)
#447    Element.rebuild (package:flutter/src/widgets/framework.dart:5532:7)
#448    ProxyElement.update (package:flutter/src/widgets/framework.dart:6152:5)
#449    Element.updateChild (package:flutter/src/widgets/framework.dart:4037:15)
#450    ComponentElement.performRebuild (package:flutter/src/widgets/framework.dart:5844:16)
#451    Element.rebuild (package:flutter/src/widgets/framework.dart:5532:7)
#452    ProxyElement.update (package:flutter/src/widgets/framework.dart:6152:5)
#453    _InheritedNotifierElement.update (package:flutter/src/widgets/inherited_notifier.dart:108:11)
#454    Element.updateChild (package:flutter/src/widgets/framework.dart:4037:15)
#455    ComponentElement.performRebuild (package:flutter/src/widgets/framework.dart:5844:16)
#456    StatefulElement.performRebuild (package:flutter/src/widgets/framework.dart:5985:11)
#457    Element.rebuild (package:flutter/src/widgets/framework.dart:5532:7)
#458    StatefulElement.update (package:flutter/src/widgets/framework.dart:6010:5)
#459    Element.updateChild (package:flutter/src/widgets/framework.dart:4037:15)
#460    ComponentElement.performRebuild (package:flutter/src/widgets/framework.dart:5844:16)
#461    Element.rebuild (package:flutter/src/widgets/framework.dart:5532:7)
#462    ProxyElement.update (package:flutter/src/widgets/framework.dart:6152:5)
#463    _InheritedNotifierElement.update (package:flutter/src/widgets/inherited_notifier.dart:108:11)
#464    Element.updateChild (package:flutter/src/widgets/framework.dart:4037:15)
#465    ComponentElement.performRebuild (package:flutter/src/widgets/framework.dart:5844:16)
#466    StatefulElement.performRebuild (package:flutter/src/widgets/framework.dart:5985:11)
#467    Element.rebuild (package:flutter/src/widgets/framework.dart:5532:7)
#468    StatefulElement.update (package:flutter/src/widgets/framework.dart:6010:5)
#469    Element.updateChild (package:flutter/src/widgets/framework.dart:4037:15)
#470    ComponentElement.performRebuild (package:flutter/src/widgets/framework.dart:5844:16)
#471    StatefulElement.performRebuild (package:flutter/src/widgets/framework.dart:5985:11)
#472    Element.rebuild (package:flutter/src/widgets/framework.dart:5532:7)
#473    StatefulElement.update (package:flutter/src/widgets/framework.dart:6010:5)
#474    Element.updateChild (package:flutter/src/widgets/framework.dart:4037:15)
#475    SingleChildRenderObjectElement.update (package:flutter/src/widgets/framework.dart:7125:14)
#476    Element.updateChild (package:flutter/src/widgets/framework.dart:4037:15)
#477    SingleChildRenderObjectElement.update (package:flutter/src/widgets/framework.dart:7125:14)
#478    Element.updateChild (package:flutter/src/widgets/framework.dart:4037:15)
#479    ComponentElement.performRebuild (package:flutter/src/widgets/framework.dart:5844:16)
#480    Element.rebuild (package:flutter/src/widgets/framework.dart:5532:7)
#481    ProxyElement.update (package:flutter/src/widgets/framework.dart:6152:5)
#482    Element.updateChild (package:flutter/src/widgets/framework.dart:4037:15)
#483    ComponentElement.performRebuild (package:flutter/src/widgets/framework.dart:5844:16)
#484    Element.rebuild (package:flutter/src/widgets/framework.dart:5532:7)
#485    ProxyElement.update (package:flutter/src/widgets/framework.dart:6152:5)
#486    Element.updateChild (package:flutter/src/widgets/framework.dart:4037:15)
#487    ComponentElement.performRebuild (package:flutter/src/widgets/framework.dart:5844:16)
#488    StatefulElement.performRebuild (package:flutter/src/widgets/framework.dart:5985:11)
#489    Element.rebuild (package:flutter/src/widgets/framework.dart:5532:7)
#490    StatefulElement.update (package:flutter/src/widgets/framework.dart:6010:5)
#491    Element.updateChild (package:flutter/src/widgets/framework.dart:4037:15)
#492    ComponentElement.performRebuild (package:flutter/src/widgets/framework.dart:5844:16)
#493    Element.rebuild (package:flutter/src/widgets/framework.dart:5532:7)
#494    ProxyElement.update (package:flutter/src/widgets/framework.dart:6152:5)
#495    Element.updateChild (package:flutter/src/widgets/framework.dart:4037:15)
#496    ComponentElement.performRebuild (package:flutter/src/widgets/framework.dart:5844:16)
#497    Element.rebuild (package:flutter/src/widgets/framework.dart:5532:7)
#498    ProxyElement.update (package:flutter/src/widgets/framework.dart:6152:5)
#499    _InheritedNotifierElement.update (package:flutter/src/widgets/inherited_notifier.dart:108:11)
#500    Element.updateChild (package:flutter/src/widgets/framework.dart:4037:15)
#501    ComponentElement.performRebuild (package:flutter/src/widgets/framework.dart:5844:16)
#502    Element.rebuild (package:flutter/src/widgets/framework.dart:5532:7)
#503    StatelessElement.update (package:flutter/src/widgets/framework.dart:5898:5)
#504    Element.updateChild (package:flutter/src/widgets/framework.dart:4037:15)
#505    ComponentElement.performRebuild (package:flutter/src/widgets/framework.dart:5844:16)
#506    Element.rebuild (package:flutter/src/widgets/framework.dart:5532:7)
#507    ProxyElement.update (package:flutter/src/widgets/framework.dart:6152:5)
#508    Element.updateChild (package:flutter/src/widgets/framework.dart:4037:15)
#509    ComponentElement.performRebuild (package:flutter/src/widgets/framework.dart:5844:16)
#510    Element.rebuild (package:flutter/src/widgets/framework.dart:5532:7)
#511    StatelessElement.update (package:flutter/src/widgets/framework.dart:5898:5)
#512    Element.updateChild (package:flutter/src/widgets/framework.dart:4037:15)
#513    ComponentElement.performRebuild (package:flutter/src/widgets/framework.dart:5844:16)
#514    Element.rebuild (package:flutter/src/widgets/framework.dart:5532:7)
#515    ProxyElement.update (package:flutter/src/widgets/framework.dart:6152:5)
#516    Element.updateChild (package:flutter/src/widgets/framework.dart:4037:15)
#517    ComponentElement.performRebuild (package:flutter/src/widgets/framework.dart:5844:16)
#518    Element.rebuild (package:flutter/src/widgets/framework.dart:5532:7)
#519    ProxyElement.update (package:flutter/src/widgets/framework.dart:6152:5)
#520    Element.updateChild (package:flutter/src/widgets/framework.dart:4037:15)
#521    ComponentElement.performRebuild (package:flutter/src/widgets/framework.dart:5844:16)
#522    StatefulElement.performRebuild (package:flutter/src/widgets/framework.dart:5985:11)
#523    Element.rebuild (package:flutter/src/widgets/framework.dart:5532:7)
#524    BuildScope._tryRebuild (package:flutter/src/widgets/framework.dart:2750:15)
#525    BuildScope._flushDirtyElements (package:flutter/src/widgets/framework.dart:2807:11)
#526    BuildOwner.buildScope (package:flutter/src/widgets/framework.dart:3111:18)
#527    AutomatedTestWidgetsFlutterBinding.drawFrame (package:flutter_test/src/binding.dart:1506:19)
#528    RendererBinding._handlePersistentFrameCallback (package:flutter/src/rendering/binding.dart:495:5)
#529    SchedulerBinding._invokeFrameCallback (package:flutter/src/scheduler/binding.dart:1434:15)
#530    SchedulerBinding.handleDrawFrame (package:flutter/src/scheduler/binding.dart:1347:9)
#531    AutomatedTestWidgetsFlutterBinding.pump.<anonymous closure> (package:flutter_test/src/binding.dart:1335:9)
#534    TestAsyncUtils.guard (package:flutter_test/src/test_async_utils.dart:74:41)
#535    AutomatedTestWidgetsFlutterBinding.pump (package:flutter_test/src/binding.dart:1324:27)
#536    WidgetTester.pump.<anonymous closure> (package:flutter_test/src/widget_tester.dart:652:53)
#539    TestAsyncUtils.guard (package:flutter_test/src/test_async_utils.dart:74:41)
#540    WidgetTester.pump (package:flutter_test/src/widget_tester.dart:652:27)
#541    main.<anonymous closure> (file:///home/fahad/Pictures/wedding_app/test/widget_test.dart:61:18)
<asynchronous suspension>
#542    testWidgets.<anonymous closure>.<anonymous closure> (package:flutter_test/src/widget_tester.dart:192:15)
<asynchronous suspension>
#543    TestWidgetsFlutterBinding._runTestBody (package:flutter_test/src/binding.dart:1059:5)
<asynchronous suspension>
<asynchronous suspension>
(elided 8 frames from dart:async and package:stack_trace)

Timer (duration: 0:00:00.000000, periodic: false), created:
#0      new FakeTimer._ (package:fake_async/fake_async.dart:342:62)
#1      FakeAsync._createTimer (package:fake_async/fake_async.dart:260:29)
#2      FakeAsync.run.<anonymous closure> (package:fake_async/fake_async.dart:185:15)
#6      _AnimateState._restart (package:flutter_animate/src/animate.dart:318:23)
#7      _AnimateState.initState (package:flutter_animate/src/animate.dart:290:5)
#8      StatefulElement._firstBuild (package:flutter/src/widgets/framework.dart:5953:55)
#9      ComponentElement.mount (package:flutter/src/widgets/framework.dart:5796:5)
...     Normal element mounting (41 frames)
#50     Element.inflateWidget (package:flutter/src/widgets/framework.dart:4590:20)
#51     Element.updateChild (package:flutter/src/widgets/framework.dart:4059:18)
#52     SliverMultiBoxAdaptorElement.updateChild (package:flutter/src/widgets/sliver.dart:1068:37)
#53     SliverMultiBoxAdaptorElement.createChild.<anonymous closure> (package:flutter/src/widgets/sliver.dart:1052:20)
#54     BuildOwner.buildScope (package:flutter/src/widgets/framework.dart:3101:19)
#55     SliverMultiBoxAdaptorElement.createChild (package:flutter/src/widgets/sliver.dart:1042:12)
#56     RenderSliverMultiBoxAdaptor._createOrObtainChild.<anonymous closure> (package:flutter/src/rendering/sliver_multi_box_adaptor.dart:372:23)
#57     RenderObject.invokeLayoutCallback.<anonymous closure> (package:flutter/src/rendering/object.dart:2894:17)
#58     PipelineOwner._enableMutationsToDirtySubtrees (package:flutter/src/rendering/object.dart:1219:15)
#59     RenderObject.invokeLayoutCallback (package:flutter/src/rendering/object.dart:2893:14)
#60     RenderSliverMultiBoxAdaptor._createOrObtainChild (package:flutter/src/rendering/sliver_multi_box_adaptor.dart:360:5)
#61     RenderSliverMultiBoxAdaptor.addInitialChild (package:flutter/src/rendering/sliver_multi_box_adaptor.dart:460:5)
#62     RenderSliverList.performLayout (package:flutter/src/rendering/sliver_list.dart:79:12)
#63     RenderObject.layout (package:flutter/src/rendering/object.dart:2775:7)
#64     RenderSliverEdgeInsetsPadding.performLayout (package:flutter/src/rendering/sliver_padding.dart:133:12)
#65     RenderSliverPadding.performLayout (package:flutter/src/rendering/sliver_padding.dart:371:11)
#66     RenderObject.layout (package:flutter/src/rendering/object.dart:2775:7)
#67     RenderViewportBase.layoutChildSequence (package:flutter/src/rendering/viewport.dart:673:13)
#68     RenderViewport._attemptLayout (package:flutter/src/rendering/viewport.dart:1684:12)
#69     RenderViewport.performLayout (package:flutter/src/rendering/viewport.dart:1575:20)
#70     RenderObject.layout (package:flutter/src/rendering/object.dart:2775:7)
#71     RenderProxyBoxMixin.performLayout (package:flutter/src/rendering/proxy_box.dart:115:18)
#72     RenderObject.layout (package:flutter/src/rendering/object.dart:2775:7)
#73     RenderProxyBoxMixin.performLayout (package:flutter/src/rendering/proxy_box.dart:115:18)
#74     RenderObject.layout (package:flutter/src/rendering/object.dart:2775:7)
#75     RenderProxyBoxMixin.performLayout (package:flutter/src/rendering/proxy_box.dart:115:18)
#76     RenderObject.layout (package:flutter/src/rendering/object.dart:2775:7)
#77     RenderProxyBoxMixin.performLayout (package:flutter/src/rendering/proxy_box.dart:115:18)
#78     RenderObject.layout (package:flutter/src/rendering/object.dart:2775:7)
#79     RenderProxyBoxMixin.performLayout (package:flutter/src/rendering/proxy_box.dart:115:18)
#80     RenderObject.layout (package:flutter/src/rendering/object.dart:2775:7)
#81     RenderProxyBoxMixin.performLayout (package:flutter/src/rendering/proxy_box.dart:115:18)
#82     RenderObject.layout (package:flutter/src/rendering/object.dart:2775:7)
#83     RenderProxyBoxMixin.performLayout (package:flutter/src/rendering/proxy_box.dart:115:18)
#84     RenderObject.layout (package:flutter/src/rendering/object.dart:2775:7)
#85     RenderProxyBoxMixin.performLayout (package:flutter/src/rendering/proxy_box.dart:115:18)
#86     _RenderCustomClip.performLayout (package:flutter/src/rendering/proxy_box.dart:1481:11)
#87     RenderObject.layout (package:flutter/src/rendering/object.dart:2775:7)
#88     ChildLayoutHelper.layoutChild (package:flutter/src/rendering/layout_helper.dart:62:11)
#89     RenderFlex._computeSizes (package:flutter/src/rendering/flex.dart:1203:26)
#90     RenderFlex.performLayout (package:flutter/src/rendering/flex.dart:1257:32)
#91     RenderObject.layout (package:flutter/src/rendering/object.dart:2775:7)
#92     RenderPadding.performLayout (package:flutter/src/rendering/shifted_box.dart:243:12)
#93     RenderObject.layout (package:flutter/src/rendering/object.dart:2775:7)
#94     ChildLayoutHelper.layoutChild (package:flutter/src/rendering/layout_helper.dart:62:11)
#95     RenderStack._computeSize (package:flutter/src/rendering/stack.dart:645:43)
#96     RenderStack.performLayout (package:flutter/src/rendering/stack.dart:680:12)
#97     RenderObject.layout (package:flutter/src/rendering/object.dart:2775:7)
#98     MultiChildLayoutDelegate.layoutChild (package:flutter/src/rendering/custom_layout.dart:180:12)
#99     _ScaffoldLayout.performLayout (package:flutter/src/material/scaffold.dart:1112:7)
#100    MultiChildLayoutDelegate._callPerformLayout (package:flutter/src/rendering/custom_layout.dart:249:7)
#101    RenderCustomMultiChildLayoutBox.performLayout (package:flutter/src/rendering/custom_layout.dart:420:14)
#102    RenderObject.layout (package:flutter/src/rendering/object.dart:2775:7)
#103    RenderProxyBoxMixin.performLayout (package:flutter/src/rendering/proxy_box.dart:115:18)
#104    RenderObject.layout (package:flutter/src/rendering/object.dart:2775:7)
#105    RenderProxyBoxMixin.performLayout (package:flutter/src/rendering/proxy_box.dart:115:18)
#106    _RenderCustomClip.performLayout (package:flutter/src/rendering/proxy_box.dart:1481:11)
#107    RenderObject.layout (package:flutter/src/rendering/object.dart:2775:7)
#108    RenderProxyBoxMixin.performLayout (package:flutter/src/rendering/proxy_box.dart:115:18)
#109    RenderObject.layout (package:flutter/src/rendering/object.dart:2775:7)
#110    RenderProxyBoxMixin.performLayout (package:flutter/src/rendering/proxy_box.dart:115:18)
#111    RenderObject.layout (package:flutter/src/rendering/object.dart:2775:7)
#112    RenderProxyBoxMixin.performLayout (package:flutter/src/rendering/proxy_box.dart:115:18)
#113    RenderObject.layout (package:flutter/src/rendering/object.dart:2775:7)
#114    RenderProxyBoxMixin.performLayout (package:flutter/src/rendering/proxy_box.dart:115:18)
#115    RenderObject.layout (package:flutter/src/rendering/object.dart:2775:7)
#116    RenderProxyBoxMixin.performLayout (package:flutter/src/rendering/proxy_box.dart:115:18)
#117    RenderObject.layout (package:flutter/src/rendering/object.dart:2775:7)
#118    RenderProxyBoxMixin.performLayout (package:flutter/src/rendering/proxy_box.dart:115:18)
#119    RenderObject.layout (package:flutter/src/rendering/object.dart:2775:7)
#120    RenderProxyBoxMixin.performLayout (package:flutter/src/rendering/proxy_box.dart:115:18)
#121    RenderObject.layout (package:flutter/src/rendering/object.dart:2775:7)
#122    RenderProxyBoxMixin.performLayout (package:flutter/src/rendering/proxy_box.dart:115:18)
#123    RenderObject.layout (package:flutter/src/rendering/object.dart:2775:7)
#124    RenderProxyBoxMixin.performLayout (package:flutter/src/rendering/proxy_box.dart:115:18)
#125    RenderObject.layout (package:flutter/src/rendering/object.dart:2775:7)
#126    RenderProxyBoxMixin.performLayout (package:flutter/src/rendering/proxy_box.dart:115:18)
#127    RenderObject.layout (package:flutter/src/rendering/object.dart:2775:7)
#128    RenderProxyBoxMixin.performLayout (package:flutter/src/rendering/proxy_box.dart:115:18)
#129    RenderObject.layout (package:flutter/src/rendering/object.dart:2775:7)
#130    RenderProxyBoxMixin.performLayout (package:flutter/src/rendering/proxy_box.dart:115:18)
#131    RenderObject.layout (package:flutter/src/rendering/object.dart:2775:7)
#132    RenderProxyBoxMixin.performLayout (package:flutter/src/rendering/proxy_box.dart:115:18)
#133    RenderObject.layout (package:flutter/src/rendering/object.dart:2775:7)
#134    RenderProxyBoxMixin.performLayout (package:flutter/src/rendering/proxy_box.dart:115:18)
#135    RenderObject.layout (package:flutter/src/rendering/object.dart:2775:7)
#136    RenderProxyBoxMixin.performLayout (package:flutter/src/rendering/proxy_box.dart:115:18)
#137    RenderObject.layout (package:flutter/src/rendering/object.dart:2775:7)
#138    RenderOffstage.performLayout (package:flutter/src/rendering/proxy_box.dart:3846:14)
#139    RenderObject.layout (package:flutter/src/rendering/object.dart:2775:7)
#140    RenderProxyBoxMixin.performLayout (package:flutter/src/rendering/proxy_box.dart:115:18)
#141    RenderObject.layout (package:flutter/src/rendering/object.dart:2775:7)
#142    _RenderTheaterMixin.layoutChild (package:flutter/src/widgets/overlay.dart:1084:13)
#143    _RenderTheater.performLayout (package:flutter/src/widgets/overlay.dart:1429:9)
#144    RenderObject._layoutWithoutResize (package:flutter/src/rendering/object.dart:2623:7)
#145    PipelineOwner.flushLayout (package:flutter/src/rendering/object.dart:1170:18)
#146    PipelineOwner.flushLayout (package:flutter/src/rendering/object.dart:1183:15)
#147    AutomatedTestWidgetsFlutterBinding.drawFrame (package:flutter_test/src/binding.dart:1508:27)
#148    RendererBinding._handlePersistentFrameCallback (package:flutter/src/rendering/binding.dart:495:5)
#149    SchedulerBinding._invokeFrameCallback (package:flutter/src/scheduler/binding.dart:1434:15)
#150    SchedulerBinding.handleDrawFrame (package:flutter/src/scheduler/binding.dart:1347:9)
#151    AutomatedTestWidgetsFlutterBinding.pump.<anonymous closure> (package:flutter_test/src/binding.dart:1335:9)
#154    TestAsyncUtils.guard (package:flutter_test/src/test_async_utils.dart:74:41)
#155    AutomatedTestWidgetsFlutterBinding.pump (package:flutter_test/src/binding.dart:1324:27)
#156    WidgetTester.pump.<anonymous closure> (package:flutter_test/src/widget_tester.dart:652:53)
#159    TestAsyncUtils.guard (package:flutter_test/src/test_async_utils.dart:74:41)
#160    WidgetTester.pump (package:flutter_test/src/widget_tester.dart:652:27)
#161    main.<anonymous closure> (file:///home/fahad/Pictures/wedding_app/test/widget_test.dart:61:18)
<asynchronous suspension>
#162    testWidgets.<anonymous closure>.<anonymous closure> (package:flutter_test/src/widget_tester.dart:192:15)
<asynchronous suspension>
#163    TestWidgetsFlutterBinding._runTestBody (package:flutter_test/src/binding.dart:1059:5)
<asynchronous suspension>
<asynchronous suspension>
(elided 8 frames from dart:async and package:stack_trace)

Timer (duration: 0:00:00.000000, periodic: false), created:
#0      new FakeTimer._ (package:fake_async/fake_async.dart:342:62)
#1      FakeAsync._createTimer (package:fake_async/fake_async.dart:260:29)
#2      FakeAsync.run.<anonymous closure> (package:fake_async/fake_async.dart:185:15)
#6      _AnimateState._restart (package:flutter_animate/src/animate.dart:318:23)
#7      _AnimateState.initState (package:flutter_animate/src/animate.dart:290:5)
#8      StatefulElement._firstBuild (package:flutter/src/widgets/framework.dart:5953:55)
#9      ComponentElement.mount (package:flutter/src/widgets/framework.dart:5796:5)
...     Normal element mounting (41 frames)
#50     Element.inflateWidget (package:flutter/src/widgets/framework.dart:4590:20)
#51     Element.updateChild (package:flutter/src/widgets/framework.dart:4059:18)
#52     SliverMultiBoxAdaptorElement.updateChild (package:flutter/src/widgets/sliver.dart:1068:37)
#53     SliverMultiBoxAdaptorElement.createChild.<anonymous closure> (package:flutter/src/widgets/sliver.dart:1052:20)
#54     BuildOwner.buildScope (package:flutter/src/widgets/framework.dart:3101:19)
#55     SliverMultiBoxAdaptorElement.createChild (package:flutter/src/widgets/sliver.dart:1042:12)
#56     RenderSliverMultiBoxAdaptor._createOrObtainChild.<anonymous closure> (package:flutter/src/rendering/sliver_multi_box_adaptor.dart:372:23)
#57     RenderObject.invokeLayoutCallback.<anonymous closure> (package:flutter/src/rendering/object.dart:2894:17)
#58     PipelineOwner._enableMutationsToDirtySubtrees (package:flutter/src/rendering/object.dart:1219:15)
#59     RenderObject.invokeLayoutCallback (package:flutter/src/rendering/object.dart:2893:14)
#60     RenderSliverMultiBoxAdaptor._createOrObtainChild (package:flutter/src/rendering/sliver_multi_box_adaptor.dart:360:5)
#61     RenderSliverMultiBoxAdaptor.insertAndLayoutChild (package:flutter/src/rendering/sliver_multi_box_adaptor.dart:523:5)
#62     RenderSliverList.performLayout.advance (package:flutter/src/rendering/sliver_list.dart:242:19)
#63     RenderSliverList.performLayout (package:flutter/src/rendering/sliver_list.dart:283:12)
#64     RenderObject.layout (package:flutter/src/rendering/object.dart:2775:7)
#65     RenderSliverEdgeInsetsPadding.performLayout (package:flutter/src/rendering/sliver_padding.dart:133:12)
#66     RenderSliverPadding.performLayout (package:flutter/src/rendering/sliver_padding.dart:371:11)
#67     RenderObject.layout (package:flutter/src/rendering/object.dart:2775:7)
#68     RenderViewportBase.layoutChildSequence (package:flutter/src/rendering/viewport.dart:673:13)
#69     RenderViewport._attemptLayout (package:flutter/src/rendering/viewport.dart:1684:12)
#70     RenderViewport.performLayout (package:flutter/src/rendering/viewport.dart:1575:20)
#71     RenderObject.layout (package:flutter/src/rendering/object.dart:2775:7)
#72     RenderProxyBoxMixin.performLayout (package:flutter/src/rendering/proxy_box.dart:115:18)
#73     RenderObject.layout (package:flutter/src/rendering/object.dart:2775:7)
#74     RenderProxyBoxMixin.performLayout (package:flutter/src/rendering/proxy_box.dart:115:18)
#75     RenderObject.layout (package:flutter/src/rendering/object.dart:2775:7)
#76     RenderProxyBoxMixin.performLayout (package:flutter/src/rendering/proxy_box.dart:115:18)
#77     RenderObject.layout (package:flutter/src/rendering/object.dart:2775:7)
#78     RenderProxyBoxMixin.performLayout (package:flutter/src/rendering/proxy_box.dart:115:18)
#79     RenderObject.layout (package:flutter/src/rendering/object.dart:2775:7)
#80     RenderProxyBoxMixin.performLayout (package:flutter/src/rendering/proxy_box.dart:115:18)
#81     RenderObject.layout (package:flutter/src/rendering/object.dart:2775:7)
#82     RenderProxyBoxMixin.performLayout (package:flutter/src/rendering/proxy_box.dart:115:18)
#83     RenderObject.layout (package:flutter/src/rendering/object.dart:2775:7)
#84     RenderProxyBoxMixin.performLayout (package:flutter/src/rendering/proxy_box.dart:115:18)
#85     RenderObject.layout (package:flutter/src/rendering/object.dart:2775:7)
#86     RenderProxyBoxMixin.performLayout (package:flutter/src/rendering/proxy_box.dart:115:18)
#87     _RenderCustomClip.performLayout (package:flutter/src/rendering/proxy_box.dart:1481:11)
#88     RenderObject.layout (package:flutter/src/rendering/object.dart:2775:7)
#89     ChildLayoutHelper.layoutChild (package:flutter/src/rendering/layout_helper.dart:62:11)
#90     RenderFlex._computeSizes (package:flutter/src/rendering/flex.dart:1203:26)
#91     RenderFlex.performLayout (package:flutter/src/rendering/flex.dart:1257:32)
#92     RenderObject.layout (package:flutter/src/rendering/object.dart:2775:7)
#93     RenderPadding.performLayout (package:flutter/src/rendering/shifted_box.dart:243:12)
#94     RenderObject.layout (package:flutter/src/rendering/object.dart:2775:7)
#95     ChildLayoutHelper.layoutChild (package:flutter/src/rendering/layout_helper.dart:62:11)
#96     RenderStack._computeSize (package:flutter/src/rendering/stack.dart:645:43)
#97     RenderStack.performLayout (package:flutter/src/rendering/stack.dart:680:12)
#98     RenderObject.layout (package:flutter/src/rendering/object.dart:2775:7)
#99     MultiChildLayoutDelegate.layoutChild (package:flutter/src/rendering/custom_layout.dart:180:12)
#100    _ScaffoldLayout.performLayout (package:flutter/src/material/scaffold.dart:1112:7)
#101    MultiChildLayoutDelegate._callPerformLayout (package:flutter/src/rendering/custom_layout.dart:249:7)
#102    RenderCustomMultiChildLayoutBox.performLayout (package:flutter/src/rendering/custom_layout.dart:420:14)
#103    RenderObject.layout (package:flutter/src/rendering/object.dart:2775:7)
#104    RenderProxyBoxMixin.performLayout (package:flutter/src/rendering/proxy_box.dart:115:18)
#105    RenderObject.layout (package:flutter/src/rendering/object.dart:2775:7)
#106    RenderProxyBoxMixin.performLayout (package:flutter/src/rendering/proxy_box.dart:115:18)
#107    _RenderCustomClip.performLayout (package:flutter/src/rendering/proxy_box.dart:1481:11)
#108    RenderObject.layout (package:flutter/src/rendering/object.dart:2775:7)
#109    RenderProxyBoxMixin.performLayout (package:flutter/src/rendering/proxy_box.dart:115:18)
#110    RenderObject.layout (package:flutter/src/rendering/object.dart:2775:7)
#111    RenderProxyBoxMixin.performLayout (package:flutter/src/rendering/proxy_box.dart:115:18)
#112    RenderObject.layout (package:flutter/src/rendering/object.dart:2775:7)
#113    RenderProxyBoxMixin.performLayout (package:flutter/src/rendering/proxy_box.dart:115:18)
#114    RenderObject.layout (package:flutter/src/rendering/object.dart:2775:7)
#115    RenderProxyBoxMixin.performLayout (package:flutter/src/rendering/proxy_box.dart:115:18)
#116    RenderObject.layout (package:flutter/src/rendering/object.dart:2775:7)
#117    RenderProxyBoxMixin.performLayout (package:flutter/src/rendering/proxy_box.dart:115:18)
#118    RenderObject.layout (package:flutter/src/rendering/object.dart:2775:7)
#119    RenderProxyBoxMixin.performLayout (package:flutter/src/rendering/proxy_box.dart:115:18)
#120    RenderObject.layout (package:flutter/src/rendering/object.dart:2775:7)
#121    RenderProxyBoxMixin.performLayout (package:flutter/src/rendering/proxy_box.dart:115:18)
#122    RenderObject.layout (package:flutter/src/rendering/object.dart:2775:7)
#123    RenderProxyBoxMixin.performLayout (package:flutter/src/rendering/proxy_box.dart:115:18)
#124    RenderObject.layout (package:flutter/src/rendering/object.dart:2775:7)
#125    RenderProxyBoxMixin.performLayout (package:flutter/src/rendering/proxy_box.dart:115:18)
#126    RenderObject.layout (package:flutter/src/rendering/object.dart:2775:7)
#127    RenderProxyBoxMixin.performLayout (package:flutter/src/rendering/proxy_box.dart:115:18)
#128    RenderObject.layout (package:flutter/src/rendering/object.dart:2775:7)
#129    RenderProxyBoxMixin.performLayout (package:flutter/src/rendering/proxy_box.dart:115:18)
#130    RenderObject.layout (package:flutter/src/rendering/object.dart:2775:7)
#131    RenderProxyBoxMixin.performLayout (package:flutter/src/rendering/proxy_box.dart:115:18)
#132    RenderObject.layout (package:flutter/src/rendering/object.dart:2775:7)
#133    RenderProxyBoxMixin.performLayout (package:flutter/src/rendering/proxy_box.dart:115:18)
#134    RenderObject.layout (package:flutter/src/rendering/object.dart:2775:7)
#135    RenderProxyBoxMixin.performLayout (package:flutter/src/rendering/proxy_box.dart:115:18)
#136    RenderObject.layout (package:flutter/src/rendering/object.dart:2775:7)
#137    RenderProxyBoxMixin.performLayout (package:flutter/src/rendering/proxy_box.dart:115:18)
#138    RenderObject.layout (package:flutter/src/rendering/object.dart:2775:7)
#139    RenderOffstage.performLayout (package:flutter/src/rendering/proxy_box.dart:3846:14)
#140    RenderObject.layout (package:flutter/src/rendering/object.dart:2775:7)
#141    RenderProxyBoxMixin.performLayout (package:flutter/src/rendering/proxy_box.dart:115:18)
#142    RenderObject.layout (package:flutter/src/rendering/object.dart:2775:7)
#143    _RenderTheaterMixin.layoutChild (package:flutter/src/widgets/overlay.dart:1084:13)
#144    _RenderTheater.performLayout (package:flutter/src/widgets/overlay.dart:1429:9)
#145    RenderObject._layoutWithoutResize (package:flutter/src/rendering/object.dart:2623:7)
#146    PipelineOwner.flushLayout (package:flutter/src/rendering/object.dart:1170:18)
#147    PipelineOwner.flushLayout (package:flutter/src/rendering/object.dart:1183:15)
#148    AutomatedTestWidgetsFlutterBinding.drawFrame (package:flutter_test/src/binding.dart:1508:27)
#149    RendererBinding._handlePersistentFrameCallback (package:flutter/src/rendering/binding.dart:495:5)
#150    SchedulerBinding._invokeFrameCallback (package:flutter/src/scheduler/binding.dart:1434:15)
#151    SchedulerBinding.handleDrawFrame (package:flutter/src/scheduler/binding.dart:1347:9)
#152    AutomatedTestWidgetsFlutterBinding.pump.<anonymous closure> (package:flutter_test/src/binding.dart:1335:9)
#155    TestAsyncUtils.guard (package:flutter_test/src/test_async_utils.dart:74:41)
#156    AutomatedTestWidgetsFlutterBinding.pump (package:flutter_test/src/binding.dart:1324:27)
#157    WidgetTester.pump.<anonymous closure> (package:flutter_test/src/widget_tester.dart:652:53)
#160    TestAsyncUtils.guard (package:flutter_test/src/test_async_utils.dart:74:41)
#161    WidgetTester.pump (package:flutter_test/src/widget_tester.dart:652:27)
#162    main.<anonymous closure> (file:///home/fahad/Pictures/wedding_app/test/widget_test.dart:61:18)
<asynchronous suspension>
#163    testWidgets.<anonymous closure>.<anonymous closure> (package:flutter_test/src/widget_tester.dart:192:15)
<asynchronous suspension>
#164    TestWidgetsFlutterBinding._runTestBody (package:flutter_test/src/binding.dart:1059:5)
<asynchronous suspension>
<asynchronous suspension>
(elided 8 frames from dart:async and package:stack_trace)

Timer (duration: 0:00:00.000000, periodic: false), created:
#0      new FakeTimer._ (package:fake_async/fake_async.dart:342:62)
#1      FakeAsync._createTimer (package:fake_async/fake_async.dart:260:29)
#2      FakeAsync.run.<anonymous closure> (package:fake_async/fake_async.dart:185:15)
#6      _AnimateState._restart (package:flutter_animate/src/animate.dart:318:23)
#7      _AnimateState.initState (package:flutter_animate/src/animate.dart:290:5)
#8      StatefulElement._firstBuild (package:flutter/src/widgets/framework.dart:5953:55)
#9      ComponentElement.mount (package:flutter/src/widgets/framework.dart:5796:5)
...     Normal element mounting (41 frames)
#50     Element.inflateWidget (package:flutter/src/widgets/framework.dart:4590:20)
#51     Element.updateChild (package:flutter/src/widgets/framework.dart:4059:18)
#52     SliverMultiBoxAdaptorElement.updateChild (package:flutter/src/widgets/sliver.dart:1068:37)
#53     SliverMultiBoxAdaptorElement.createChild.<anonymous closure> (package:flutter/src/widgets/sliver.dart:1052:20)
#54     BuildOwner.buildScope (package:flutter/src/widgets/framework.dart:3101:19)
#55     SliverMultiBoxAdaptorElement.createChild (package:flutter/src/widgets/sliver.dart:1042:12)
#56     RenderSliverMultiBoxAdaptor._createOrObtainChild.<anonymous closure> (package:flutter/src/rendering/sliver_multi_box_adaptor.dart:372:23)
#57     RenderObject.invokeLayoutCallback.<anonymous closure> (package:flutter/src/rendering/object.dart:2894:17)
#58     PipelineOwner._enableMutationsToDirtySubtrees (package:flutter/src/rendering/object.dart:1219:15)
#59     RenderObject.invokeLayoutCallback (package:flutter/src/rendering/object.dart:2893:14)
#60     RenderSliverMultiBoxAdaptor._createOrObtainChild (package:flutter/src/rendering/sliver_multi_box_adaptor.dart:360:5)
#61     RenderSliverMultiBoxAdaptor.insertAndLayoutChild (package:flutter/src/rendering/sliver_multi_box_adaptor.dart:523:5)
#62     RenderSliverList.performLayout.advance (package:flutter/src/rendering/sliver_list.dart:242:19)
#63     RenderSliverList.performLayout (package:flutter/src/rendering/sliver_list.dart:283:12)
#64     RenderObject.layout (package:flutter/src/rendering/object.dart:2775:7)
#65     RenderSliverEdgeInsetsPadding.performLayout (package:flutter/src/rendering/sliver_padding.dart:133:12)
#66     RenderSliverPadding.performLayout (package:flutter/src/rendering/sliver_padding.dart:371:11)
#67     RenderObject.layout (package:flutter/src/rendering/object.dart:2775:7)
#68     RenderViewportBase.layoutChildSequence (package:flutter/src/rendering/viewport.dart:673:13)
#69     RenderViewport._attemptLayout (package:flutter/src/rendering/viewport.dart:1684:12)
#70     RenderViewport.performLayout (package:flutter/src/rendering/viewport.dart:1575:20)
#71     RenderObject.layout (package:flutter/src/rendering/object.dart:2775:7)
#72     RenderProxyBoxMixin.performLayout (package:flutter/src/rendering/proxy_box.dart:115:18)
#73     RenderObject.layout (package:flutter/src/rendering/object.dart:2775:7)
#74     RenderProxyBoxMixin.performLayout (package:flutter/src/rendering/proxy_box.dart:115:18)
#75     RenderObject.layout (package:flutter/src/rendering/object.dart:2775:7)
#76     RenderProxyBoxMixin.performLayout (package:flutter/src/rendering/proxy_box.dart:115:18)
#77     RenderObject.layout (package:flutter/src/rendering/object.dart:2775:7)
#78     RenderProxyBoxMixin.performLayout (package:flutter/src/rendering/proxy_box.dart:115:18)
#79     RenderObject.layout (package:flutter/src/rendering/object.dart:2775:7)
#80     RenderProxyBoxMixin.performLayout (package:flutter/src/rendering/proxy_box.dart:115:18)
#81     RenderObject.layout (package:flutter/src/rendering/object.dart:2775:7)
#82     RenderProxyBoxMixin.performLayout (package:flutter/src/rendering/proxy_box.dart:115:18)
#83     RenderObject.layout (package:flutter/src/rendering/object.dart:2775:7)
#84     RenderProxyBoxMixin.performLayout (package:flutter/src/rendering/proxy_box.dart:115:18)
#85     RenderObject.layout (package:flutter/src/rendering/object.dart:2775:7)
#86     RenderProxyBoxMixin.performLayout (package:flutter/src/rendering/proxy_box.dart:115:18)
#87     _RenderCustomClip.performLayout (package:flutter/src/rendering/proxy_box.dart:1481:11)
#88     RenderObject.layout (package:flutter/src/rendering/object.dart:2775:7)
#89     ChildLayoutHelper.layoutChild (package:flutter/src/rendering/layout_helper.dart:62:11)
#90     RenderFlex._computeSizes (package:flutter/src/rendering/flex.dart:1203:26)
#91     RenderFlex.performLayout (package:flutter/src/rendering/flex.dart:1257:32)
#92     RenderObject.layout (package:flutter/src/rendering/object.dart:2775:7)
#93     RenderPadding.performLayout (package:flutter/src/rendering/shifted_box.dart:243:12)
#94     RenderObject.layout (package:flutter/src/rendering/object.dart:2775:7)
#95     ChildLayoutHelper.layoutChild (package:flutter/src/rendering/layout_helper.dart:62:11)
#96     RenderStack._computeSize (package:flutter/src/rendering/stack.dart:645:43)
#97     RenderStack.performLayout (package:flutter/src/rendering/stack.dart:680:12)
#98     RenderObject.layout (package:flutter/src/rendering/object.dart:2775:7)
#99     MultiChildLayoutDelegate.layoutChild (package:flutter/src/rendering/custom_layout.dart:180:12)
#100    _ScaffoldLayout.performLayout (package:flutter/src/material/scaffold.dart:1112:7)
#101    MultiChildLayoutDelegate._callPerformLayout (package:flutter/src/rendering/custom_layout.dart:249:7)
#102    RenderCustomMultiChildLayoutBox.performLayout (package:flutter/src/rendering/custom_layout.dart:420:14)
#103    RenderObject.layout (package:flutter/src/rendering/object.dart:2775:7)
#104    RenderProxyBoxMixin.performLayout (package:flutter/src/rendering/proxy_box.dart:115:18)
#105    RenderObject.layout (package:flutter/src/rendering/object.dart:2775:7)
#106    RenderProxyBoxMixin.performLayout (package:flutter/src/rendering/proxy_box.dart:115:18)
#107    _RenderCustomClip.performLayout (package:flutter/src/rendering/proxy_box.dart:1481:11)
#108    RenderObject.layout (package:flutter/src/rendering/object.dart:2775:7)
#109    RenderProxyBoxMixin.performLayout (package:flutter/src/rendering/proxy_box.dart:115:18)
#110    RenderObject.layout (package:flutter/src/rendering/object.dart:2775:7)
#111    RenderProxyBoxMixin.performLayout (package:flutter/src/rendering/proxy_box.dart:115:18)
#112    RenderObject.layout (package:flutter/src/rendering/object.dart:2775:7)
#113    RenderProxyBoxMixin.performLayout (package:flutter/src/rendering/proxy_box.dart:115:18)
#114    RenderObject.layout (package:flutter/src/rendering/object.dart:2775:7)
#115    RenderProxyBoxMixin.performLayout (package:flutter/src/rendering/proxy_box.dart:115:18)
#116    RenderObject.layout (package:flutter/src/rendering/object.dart:2775:7)
#117    RenderProxyBoxMixin.performLayout (package:flutter/src/rendering/proxy_box.dart:115:18)
#118    RenderObject.layout (package:flutter/src/rendering/object.dart:2775:7)
#119    RenderProxyBoxMixin.performLayout (package:flutter/src/rendering/proxy_box.dart:115:18)
#120    RenderObject.layout (package:flutter/src/rendering/object.dart:2775:7)
#121    RenderProxyBoxMixin.performLayout (package:flutter/src/rendering/proxy_box.dart:115:18)
#122    RenderObject.layout (package:flutter/src/rendering/object.dart:2775:7)
#123    RenderProxyBoxMixin.performLayout (package:flutter/src/rendering/proxy_box.dart:115:18)
#124    RenderObject.layout (package:flutter/src/rendering/object.dart:2775:7)
#125    RenderProxyBoxMixin.performLayout (package:flutter/src/rendering/proxy_box.dart:115:18)
#126    RenderObject.layout (package:flutter/src/rendering/object.dart:2775:7)
#127    RenderProxyBoxMixin.performLayout (package:flutter/src/rendering/proxy_box.dart:115:18)
#128    RenderObject.layout (package:flutter/src/rendering/object.dart:2775:7)
#129    RenderProxyBoxMixin.performLayout (package:flutter/src/rendering/proxy_box.dart:115:18)
#130    RenderObject.layout (package:flutter/src/rendering/object.dart:2775:7)
#131    RenderProxyBoxMixin.performLayout (package:flutter/src/rendering/proxy_box.dart:115:18)
#132    RenderObject.layout (package:flutter/src/rendering/object.dart:2775:7)
#133    RenderProxyBoxMixin.performLayout (package:flutter/src/rendering/proxy_box.dart:115:18)
#134    RenderObject.layout (package:flutter/src/rendering/object.dart:2775:7)
#135    RenderProxyBoxMixin.performLayout (package:flutter/src/rendering/proxy_box.dart:115:18)
#136    RenderObject.layout (package:flutter/src/rendering/object.dart:2775:7)
#137    RenderProxyBoxMixin.performLayout (package:flutter/src/rendering/proxy_box.dart:115:18)
#138    RenderObject.layout (package:flutter/src/rendering/object.dart:2775:7)
#139    RenderOffstage.performLayout (package:flutter/src/rendering/proxy_box.dart:3846:14)
#140    RenderObject.layout (package:flutter/src/rendering/object.dart:2775:7)
#141    RenderProxyBoxMixin.performLayout (package:flutter/src/rendering/proxy_box.dart:115:18)
#142    RenderObject.layout (package:flutter/src/rendering/object.dart:2775:7)
#143    _RenderTheaterMixin.layoutChild (package:flutter/src/widgets/overlay.dart:1084:13)
#144    _RenderTheater.performLayout (package:flutter/src/widgets/overlay.dart:1429:9)
#145    RenderObject._layoutWithoutResize (package:flutter/src/rendering/object.dart:2623:7)
#146    PipelineOwner.flushLayout (package:flutter/src/rendering/object.dart:1170:18)
#147    PipelineOwner.flushLayout (package:flutter/src/rendering/object.dart:1183:15)
#148    AutomatedTestWidgetsFlutterBinding.drawFrame (package:flutter_test/src/binding.dart:1508:27)
#149    RendererBinding._handlePersistentFrameCallback (package:flutter/src/rendering/binding.dart:495:5)
#150    SchedulerBinding._invokeFrameCallback (package:flutter/src/scheduler/binding.dart:1434:15)
#151    SchedulerBinding.handleDrawFrame (package:flutter/src/scheduler/binding.dart:1347:9)
#152    AutomatedTestWidgetsFlutterBinding.pump.<anonymous closure> (package:flutter_test/src/binding.dart:1335:9)
#155    TestAsyncUtils.guard (package:flutter_test/src/test_async_utils.dart:74:41)
#156    AutomatedTestWidgetsFlutterBinding.pump (package:flutter_test/src/binding.dart:1324:27)
#157    WidgetTester.pump.<anonymous closure> (package:flutter_test/src/widget_tester.dart:652:53)
#160    TestAsyncUtils.guard (package:flutter_test/src/test_async_utils.dart:74:41)
#161    WidgetTester.pump (package:flutter_test/src/widget_tester.dart:652:27)
#162    main.<anonymous closure> (file:///home/fahad/Pictures/wedding_app/test/widget_test.dart:61:18)
<asynchronous suspension>
#163    testWidgets.<anonymous closure>.<anonymous closure> (package:flutter_test/src/widget_tester.dart:192:15)
<asynchronous suspension>
#164    TestWidgetsFlutterBinding._runTestBody (package:flutter_test/src/binding.dart:1059:5)
<asynchronous suspension>
<asynchronous suspension>
(elided 8 frames from dart:async and package:stack_trace)

Timer (duration: 0:00:00.000000, periodic: false), created:
#0      new FakeTimer._ (package:fake_async/fake_async.dart:342:62)
#1      FakeAsync._createTimer (package:fake_async/fake_async.dart:260:29)
#2      FakeAsync.run.<anonymous closure> (package:fake_async/fake_async.dart:185:15)
#6      _AnimateState._restart (package:flutter_animate/src/animate.dart:318:23)
#7      _AnimateState.initState (package:flutter_animate/src/animate.dart:290:5)
#8      StatefulElement._firstBuild (package:flutter/src/widgets/framework.dart:5953:55)
#9      ComponentElement.mount (package:flutter/src/widgets/framework.dart:5796:5)
...     Normal element mounting (41 frames)
#50     Element.inflateWidget (package:flutter/src/widgets/framework.dart:4590:20)
#51     Element.updateChild (package:flutter/src/widgets/framework.dart:4059:18)
#52     SliverMultiBoxAdaptorElement.updateChild (package:flutter/src/widgets/sliver.dart:1068:37)
#53     SliverMultiBoxAdaptorElement.createChild.<anonymous closure> (package:flutter/src/widgets/sliver.dart:1052:20)
#54     BuildOwner.buildScope (package:flutter/src/widgets/framework.dart:3101:19)
#55     SliverMultiBoxAdaptorElement.createChild (package:flutter/src/widgets/sliver.dart:1042:12)
#56     RenderSliverMultiBoxAdaptor._createOrObtainChild.<anonymous closure> (package:flutter/src/rendering/sliver_multi_box_adaptor.dart:372:23)
#57     RenderObject.invokeLayoutCallback.<anonymous closure> (package:flutter/src/rendering/object.dart:2894:17)
#58     PipelineOwner._enableMutationsToDirtySubtrees (package:flutter/src/rendering/object.dart:1219:15)
#59     RenderObject.invokeLayoutCallback (package:flutter/src/rendering/object.dart:2893:14)
#60     RenderSliverMultiBoxAdaptor._createOrObtainChild (package:flutter/src/rendering/sliver_multi_box_adaptor.dart:360:5)
#61     RenderSliverMultiBoxAdaptor.insertAndLayoutChild (package:flutter/src/rendering/sliver_multi_box_adaptor.dart:523:5)
#62     RenderSliverList.performLayout.advance (package:flutter/src/rendering/sliver_list.dart:242:19)
#63     RenderSliverList.performLayout (package:flutter/src/rendering/sliver_list.dart:283:12)
#64     RenderObject.layout (package:flutter/src/rendering/object.dart:2775:7)
#65     RenderSliverEdgeInsetsPadding.performLayout (package:flutter/src/rendering/sliver_padding.dart:133:12)
#66     RenderSliverPadding.performLayout (package:flutter/src/rendering/sliver_padding.dart:371:11)
#67     RenderObject.layout (package:flutter/src/rendering/object.dart:2775:7)
#68     RenderViewportBase.layoutChildSequence (package:flutter/src/rendering/viewport.dart:673:13)
#69     RenderViewport._attemptLayout (package:flutter/src/rendering/viewport.dart:1684:12)
#70     RenderViewport.performLayout (package:flutter/src/rendering/viewport.dart:1575:20)
#71     RenderObject.layout (package:flutter/src/rendering/object.dart:2775:7)
#72     RenderProxyBoxMixin.performLayout (package:flutter/src/rendering/proxy_box.dart:115:18)
#73     RenderObject.layout (package:flutter/src/rendering/object.dart:2775:7)
#74     RenderProxyBoxMixin.performLayout (package:flutter/src/rendering/proxy_box.dart:115:18)
#75     RenderObject.layout (package:flutter/src/rendering/object.dart:2775:7)
#76     RenderProxyBoxMixin.performLayout (package:flutter/src/rendering/proxy_box.dart:115:18)
#77     RenderObject.layout (package:flutter/src/rendering/object.dart:2775:7)
#78     RenderProxyBoxMixin.performLayout (package:flutter/src/rendering/proxy_box.dart:115:18)
#79     RenderObject.layout (package:flutter/src/rendering/object.dart:2775:7)
#80     RenderProxyBoxMixin.performLayout (package:flutter/src/rendering/proxy_box.dart:115:18)
#81     RenderObject.layout (package:flutter/src/rendering/object.dart:2775:7)
#82     RenderProxyBoxMixin.performLayout (package:flutter/src/rendering/proxy_box.dart:115:18)
#83     RenderObject.layout (package:flutter/src/rendering/object.dart:2775:7)
#84     RenderProxyBoxMixin.performLayout (package:flutter/src/rendering/proxy_box.dart:115:18)
#85     RenderObject.layout (package:flutter/src/rendering/object.dart:2775:7)
#86     RenderProxyBoxMixin.performLayout (package:flutter/src/rendering/proxy_box.dart:115:18)
#87     _RenderCustomClip.performLayout (package:flutter/src/rendering/proxy_box.dart:1481:11)
#88     RenderObject.layout (package:flutter/src/rendering/object.dart:2775:7)
#89     ChildLayoutHelper.layoutChild (package:flutter/src/rendering/layout_helper.dart:62:11)
#90     RenderFlex._computeSizes (package:flutter/src/rendering/flex.dart:1203:26)
#91     RenderFlex.performLayout (package:flutter/src/rendering/flex.dart:1257:32)
#92     RenderObject.layout (package:flutter/src/rendering/object.dart:2775:7)
#93     RenderPadding.performLayout (package:flutter/src/rendering/shifted_box.dart:243:12)
#94     RenderObject.layout (package:flutter/src/rendering/object.dart:2775:7)
#95     ChildLayoutHelper.layoutChild (package:flutter/src/rendering/layout_helper.dart:62:11)
#96     RenderStack._computeSize (package:flutter/src/rendering/stack.dart:645:43)
#97     RenderStack.performLayout (package:flutter/src/rendering/stack.dart:680:12)
#98     RenderObject.layout (package:flutter/src/rendering/object.dart:2775:7)
#99     MultiChildLayoutDelegate.layoutChild (package:flutter/src/rendering/custom_layout.dart:180:12)
#100    _ScaffoldLayout.performLayout (package:flutter/src/material/scaffold.dart:1112:7)
#101    MultiChildLayoutDelegate._callPerformLayout (package:flutter/src/rendering/custom_layout.dart:249:7)
#102    RenderCustomMultiChildLayoutBox.performLayout (package:flutter/src/rendering/custom_layout.dart:420:14)
#103    RenderObject.layout (package:flutter/src/rendering/object.dart:2775:7)
#104    RenderProxyBoxMixin.performLayout (package:flutter/src/rendering/proxy_box.dart:115:18)
#105    RenderObject.layout (package:flutter/src/rendering/object.dart:2775:7)
#106    RenderProxyBoxMixin.performLayout (package:flutter/src/rendering/proxy_box.dart:115:18)
#107    _RenderCustomClip.performLayout (package:flutter/src/rendering/proxy_box.dart:1481:11)
#108    RenderObject.layout (package:flutter/src/rendering/object.dart:2775:7)
#109    RenderProxyBoxMixin.performLayout (package:flutter/src/rendering/proxy_box.dart:115:18)
#110    RenderObject.layout (package:flutter/src/rendering/object.dart:2775:7)
#111    RenderProxyBoxMixin.performLayout (package:flutter/src/rendering/proxy_box.dart:115:18)
#112    RenderObject.layout (package:flutter/src/rendering/object.dart:2775:7)
#113    RenderProxyBoxMixin.performLayout (package:flutter/src/rendering/proxy_box.dart:115:18)
#114    RenderObject.layout (package:flutter/src/rendering/object.dart:2775:7)
#115    RenderProxyBoxMixin.performLayout (package:flutter/src/rendering/proxy_box.dart:115:18)
#116    RenderObject.layout (package:flutter/src/rendering/object.dart:2775:7)
#117    RenderProxyBoxMixin.performLayout (package:flutter/src/rendering/proxy_box.dart:115:18)
#118    RenderObject.layout (package:flutter/src/rendering/object.dart:2775:7)
#119    RenderProxyBoxMixin.performLayout (package:flutter/src/rendering/proxy_box.dart:115:18)
#120    RenderObject.layout (package:flutter/src/rendering/object.dart:2775:7)
#121    RenderProxyBoxMixin.performLayout (package:flutter/src/rendering/proxy_box.dart:115:18)
#122    RenderObject.layout (package:flutter/src/rendering/object.dart:2775:7)
#123    RenderProxyBoxMixin.performLayout (package:flutter/src/rendering/proxy_box.dart:115:18)
#124    RenderObject.layout (package:flutter/src/rendering/object.dart:2775:7)
#125    RenderProxyBoxMixin.performLayout (package:flutter/src/rendering/proxy_box.dart:115:18)
#126    RenderObject.layout (package:flutter/src/rendering/object.dart:2775:7)
#127    RenderProxyBoxMixin.performLayout (package:flutter/src/rendering/proxy_box.dart:115:18)
#128    RenderObject.layout (package:flutter/src/rendering/object.dart:2775:7)
#129    RenderProxyBoxMixin.performLayout (package:flutter/src/rendering/proxy_box.dart:115:18)
#130    RenderObject.layout (package:flutter/src/rendering/object.dart:2775:7)
#131    RenderProxyBoxMixin.performLayout (package:flutter/src/rendering/proxy_box.dart:115:18)
#132    RenderObject.layout (package:flutter/src/rendering/object.dart:2775:7)
#133    RenderProxyBoxMixin.performLayout (package:flutter/src/rendering/proxy_box.dart:115:18)
#134    RenderObject.layout (package:flutter/src/rendering/object.dart:2775:7)
#135    RenderProxyBoxMixin.performLayout (package:flutter/src/rendering/proxy_box.dart:115:18)
#136    RenderObject.layout (package:flutter/src/rendering/object.dart:2775:7)
#137    RenderProxyBoxMixin.performLayout (package:flutter/src/rendering/proxy_box.dart:115:18)
#138    RenderObject.layout (package:flutter/src/rendering/object.dart:2775:7)
#139    RenderOffstage.performLayout (package:flutter/src/rendering/proxy_box.dart:3846:14)
#140    RenderObject.layout (package:flutter/src/rendering/object.dart:2775:7)
#141    RenderProxyBoxMixin.performLayout (package:flutter/src/rendering/proxy_box.dart:115:18)
#142    RenderObject.layout (package:flutter/src/rendering/object.dart:2775:7)
#143    _RenderTheaterMixin.layoutChild (package:flutter/src/widgets/overlay.dart:1084:13)
#144    _RenderTheater.performLayout (package:flutter/src/widgets/overlay.dart:1429:9)
#145    RenderObject._layoutWithoutResize (package:flutter/src/rendering/object.dart:2623:7)
#146    PipelineOwner.flushLayout (package:flutter/src/rendering/object.dart:1170:18)
#147    PipelineOwner.flushLayout (package:flutter/src/rendering/object.dart:1183:15)
#148    AutomatedTestWidgetsFlutterBinding.drawFrame (package:flutter_test/src/binding.dart:1508:27)
#149    RendererBinding._handlePersistentFrameCallback (package:flutter/src/rendering/binding.dart:495:5)
#150    SchedulerBinding._invokeFrameCallback (package:flutter/src/scheduler/binding.dart:1434:15)
#151    SchedulerBinding.handleDrawFrame (package:flutter/src/scheduler/binding.dart:1347:9)
#152    AutomatedTestWidgetsFlutterBinding.pump.<anonymous closure> (package:flutter_test/src/binding.dart:1335:9)
#155    TestAsyncUtils.guard (package:flutter_test/src/test_async_utils.dart:74:41)
#156    AutomatedTestWidgetsFlutterBinding.pump (package:flutter_test/src/binding.dart:1324:27)
#157    WidgetTester.pump.<anonymous closure> (package:flutter_test/src/widget_tester.dart:652:53)
#160    TestAsyncUtils.guard (package:flutter_test/src/test_async_utils.dart:74:41)
#161    WidgetTester.pump (package:flutter_test/src/widget_tester.dart:652:27)
#162    main.<anonymous closure> (file:///home/fahad/Pictures/wedding_app/test/widget_test.dart:61:18)
<asynchronous suspension>
#163    testWidgets.<anonymous closure>.<anonymous closure> (package:flutter_test/src/widget_tester.dart:192:15)
<asynchronous suspension>
#164    TestWidgetsFlutterBinding._runTestBody (package:flutter_test/src/binding.dart:1059:5)
<asynchronous suspension>
<asynchronous suspension>
(elided 8 frames from dart:async and package:stack_trace)

══╡ EXCEPTION CAUGHT BY FLUTTER TEST FRAMEWORK ╞════════════════════════════════════════════════════
The following assertion was thrown running a test:
A Timer is still pending even after the widget tree was disposed.
'package:flutter_test/src/binding.dart':
Failed assertion: line 1617 pos 12: '!timersPending'

When the exception was thrown, this was the stack:
#2      AutomatedTestWidgetsFlutterBinding._verifyInvariants (package:flutter_test/src/binding.dart:1617:12)
#3      TestWidgetsFlutterBinding._runTestBody (package:flutter_test/src/binding.dart:1078:7)
<asynchronous suspension>
<asynchronous suspension>
(elided 3 frames from class _AssertionError and package:stack_trace)

The test description was:
  App should load
════════════════════════════════════════════════════════════════════════════════════════════════════
00:05 +0 -1: App should load [E]                                                                                                                                                                       
  Test failed. See exception logs above.
  The test description was: App should load
  

To run this test again: /home/fahad/Downloads/flutter/bin/cache/dart-sdk/bin/dart test /home/fahad/Pictures/wedding_app/test/widget_test.dart -p vm --plain-name 'App should load'
00:05 +0 -1: Some tests failed.                                                                                                                                                                        
